Archive member included to satisfy reference by file (symbol)

c:/st/stm32cubeide_1.5.0/stm32cubeide/plugins/com.st.stm32cube.ide.mcu.externaltools.gnu-tools-for-stm32.7-2018-q2-update.win32_1.5.0.202011040924/tools/bin/../lib/gcc/arm-none-eabi/7.3.1/../../../../arm-none-eabi/lib/thumb/v7e-m/fpv4-sp/hard\libc_nano.a(lib_a-errno.o)
                              Core/Src/syscalls.o (__errno)
c:/st/stm32cubeide_1.5.0/stm32cubeide/plugins/com.st.stm32cube.ide.mcu.externaltools.gnu-tools-for-stm32.7-2018-q2-update.win32_1.5.0.202011040924/tools/bin/../lib/gcc/arm-none-eabi/7.3.1/../../../../arm-none-eabi/lib/thumb/v7e-m/fpv4-sp/hard\libc_nano.a(lib_a-exit.o)
                              c:/st/stm32cubeide_1.5.0/stm32cubeide/plugins/com.st.stm32cube.ide.mcu.externaltools.gnu-tools-for-stm32.7-2018-q2-update.win32_1.5.0.202011040924/tools/bin/../lib/gcc/arm-none-eabi/7.3.1/../../../../arm-none-eabi/lib/thumb/v7e-m/fpv4-sp/hard/crt0.o (exit)
c:/st/stm32cubeide_1.5.0/stm32cubeide/plugins/com.st.stm32cube.ide.mcu.externaltools.gnu-tools-for-stm32.7-2018-q2-update.win32_1.5.0.202011040924/tools/bin/../lib/gcc/arm-none-eabi/7.3.1/../../../../arm-none-eabi/lib/thumb/v7e-m/fpv4-sp/hard\libc_nano.a(lib_a-impure.o)
                              c:/st/stm32cubeide_1.5.0/stm32cubeide/plugins/com.st.stm32cube.ide.mcu.externaltools.gnu-tools-for-stm32.7-2018-q2-update.win32_1.5.0.202011040924/tools/bin/../lib/gcc/arm-none-eabi/7.3.1/../../../../arm-none-eabi/lib/thumb/v7e-m/fpv4-sp/hard\libc_nano.a(lib_a-exit.o) (_global_impure_ptr)
c:/st/stm32cubeide_1.5.0/stm32cubeide/plugins/com.st.stm32cube.ide.mcu.externaltools.gnu-tools-for-stm32.7-2018-q2-update.win32_1.5.0.202011040924/tools/bin/../lib/gcc/arm-none-eabi/7.3.1/../../../../arm-none-eabi/lib/thumb/v7e-m/fpv4-sp/hard\libc_nano.a(lib_a-init.o)
                              c:/st/stm32cubeide_1.5.0/stm32cubeide/plugins/com.st.stm32cube.ide.mcu.externaltools.gnu-tools-for-stm32.7-2018-q2-update.win32_1.5.0.202011040924/tools/bin/../lib/gcc/arm-none-eabi/7.3.1/../../../../arm-none-eabi/lib/thumb/v7e-m/fpv4-sp/hard/crt0.o (__libc_init_array)
c:/st/stm32cubeide_1.5.0/stm32cubeide/plugins/com.st.stm32cube.ide.mcu.externaltools.gnu-tools-for-stm32.7-2018-q2-update.win32_1.5.0.202011040924/tools/bin/../lib/gcc/arm-none-eabi/7.3.1/../../../../arm-none-eabi/lib/thumb/v7e-m/fpv4-sp/hard\libc_nano.a(lib_a-memset.o)
                              c:/st/stm32cubeide_1.5.0/stm32cubeide/plugins/com.st.stm32cube.ide.mcu.externaltools.gnu-tools-for-stm32.7-2018-q2-update.win32_1.5.0.202011040924/tools/bin/../lib/gcc/arm-none-eabi/7.3.1/../../../../arm-none-eabi/lib/thumb/v7e-m/fpv4-sp/hard/crt0.o (memset)
c:/st/stm32cubeide_1.5.0/stm32cubeide/plugins/com.st.stm32cube.ide.mcu.externaltools.gnu-tools-for-stm32.7-2018-q2-update.win32_1.5.0.202011040924/tools/bin/../lib/gcc/arm-none-eabi/7.3.1/../../../../arm-none-eabi/lib/thumb/v7e-m/fpv4-sp/hard\libc_nano.a(lib_a-printf.o)
                              Core/Src/main.o (printf)
c:/st/stm32cubeide_1.5.0/stm32cubeide/plugins/com.st.stm32cube.ide.mcu.externaltools.gnu-tools-for-stm32.7-2018-q2-update.win32_1.5.0.202011040924/tools/bin/../lib/gcc/arm-none-eabi/7.3.1/../../../../arm-none-eabi/lib/thumb/v7e-m/fpv4-sp/hard\libc_nano.a(lib_a-findfp.o)
                              c:/st/stm32cubeide_1.5.0/stm32cubeide/plugins/com.st.stm32cube.ide.mcu.externaltools.gnu-tools-for-stm32.7-2018-q2-update.win32_1.5.0.202011040924/tools/bin/../lib/gcc/arm-none-eabi/7.3.1/../../../../arm-none-eabi/lib/thumb/v7e-m/fpv4-sp/hard\libc_nano.a(lib_a-printf.o) (__sinit)
c:/st/stm32cubeide_1.5.0/stm32cubeide/plugins/com.st.stm32cube.ide.mcu.externaltools.gnu-tools-for-stm32.7-2018-q2-update.win32_1.5.0.202011040924/tools/bin/../lib/gcc/arm-none-eabi/7.3.1/../../../../arm-none-eabi/lib/thumb/v7e-m/fpv4-sp/hard\libc_nano.a(lib_a-fwalk.o)
                              c:/st/stm32cubeide_1.5.0/stm32cubeide/plugins/com.st.stm32cube.ide.mcu.externaltools.gnu-tools-for-stm32.7-2018-q2-update.win32_1.5.0.202011040924/tools/bin/../lib/gcc/arm-none-eabi/7.3.1/../../../../arm-none-eabi/lib/thumb/v7e-m/fpv4-sp/hard\libc_nano.a(lib_a-findfp.o) (_fwalk)
c:/st/stm32cubeide_1.5.0/stm32cubeide/plugins/com.st.stm32cube.ide.mcu.externaltools.gnu-tools-for-stm32.7-2018-q2-update.win32_1.5.0.202011040924/tools/bin/../lib/gcc/arm-none-eabi/7.3.1/../../../../arm-none-eabi/lib/thumb/v7e-m/fpv4-sp/hard\libc_nano.a(lib_a-nano-mallocr.o)
                              c:/st/stm32cubeide_1.5.0/stm32cubeide/plugins/com.st.stm32cube.ide.mcu.externaltools.gnu-tools-for-stm32.7-2018-q2-update.win32_1.5.0.202011040924/tools/bin/../lib/gcc/arm-none-eabi/7.3.1/../../../../arm-none-eabi/lib/thumb/v7e-m/fpv4-sp/hard\libc_nano.a(lib_a-findfp.o) (_malloc_r)
[...]
Memory Configuration

Name             Origin             Length             Attributes
RAM              0x0000000020000000 0x00000000000a0000 xrw
FLASH            0x0000000008000000 0x0000000000200000 xr
*default*        0x0000000000000000 0xffffffffffffffff

Linker script and memory map

LOAD c:/st/stm32cubeide_1.5.0/stm32cubeide/plugins/com.st.stm32cube.ide.mcu.externaltools.gnu-tools-for-stm32.7-2018-q2-update.win32_1.5.0.202011040924/tools/bin/../lib/gcc/arm-none-eabi/7.3.1/thumb/v7e-m/fpv4-sp/hard/crti.o
LOAD c:/st/stm32cubeide_1.5.0/stm32cubeide/plugins/com.st.stm32cube.ide.mcu.externaltools.gnu-tools-for-stm32.7-2018-q2-update.win32_1.5.0.202011040924/tools/bin/../lib/gcc/arm-none-eabi/7.3.1/thumb/v7e-m/fpv4-sp/hard/crtbegin.o
LOAD c:/st/stm32cubeide_1.5.0/stm32cubeide/plugins/com.st.stm32cube.ide.mcu.externaltools.gnu-tools-for-stm32.7-2018-q2-update.win32_1.5.0.202011040924/tools/bin/../lib/gcc/arm-none-eabi/7.3.1/../../../../arm-none-eabi/lib/thumb/v7e-m/fpv4-sp/hard/crt0.o
LOAD Core/Src/custom_bus.o
LOAD Core/Src/main.o
LOAD Core/Src/stm32l4xx_hal_msp.o
LOAD Core/Src/stm32l4xx_it.o
LOAD Core/Src/syscalls.o
LOAD Core/Src/sysmem.o
LOAD Core/Src/system_stm32l4xx.o
LOAD Core/Startup/startup_stm32l4s5vitx.o
LOAD Drivers/BSP/Components/lis3mdl/lis3mdl.o
LOAD Drivers/BSP/Components/lis3mdl/lis3mdl_reg.o
LOAD Drivers/BSP/Components/lsm6dsl/lsm6dsl.o
LOAD Drivers/BSP/Components/lsm6dsl/lsm6dsl_reg.o
LOAD Drivers/STM32L4xx_HAL_Driver/Src/stm32l4xx_hal.o
LOAD Drivers/STM32L4xx_HAL_Driver/Src/stm32l4xx_hal_cortex.o
LOAD Drivers/STM32L4xx_HAL_Driver/Src/stm32l4xx_hal_dma.o
LOAD Drivers/STM32L4xx_HAL_Driver/Src/stm32l4xx_hal_dma_ex.o
LOAD Drivers/STM32L4xx_HAL_Driver/Src/stm32l4xx_hal_exti.o
LOAD Drivers/STM32L4xx_HAL_Driver/Src/stm32l4xx_hal_flash.o
LOAD Drivers/STM32L4xx_HAL_Driver/Src/stm32l4xx_hal_flash_ex.o
LOAD Drivers/STM32L4xx_HAL_Driver/Src/stm32l4xx_hal_flash_ramfunc.o
LOAD Drivers/STM32L4xx_HAL_Driver/Src/stm32l4xx_hal_gpio.o
LOAD Drivers/STM32L4xx_HAL_Driver/Src/stm32l4xx_hal_i2c.o
LOAD Drivers/STM32L4xx_HAL_Driver/Src/stm32l4xx_hal_i2c_ex.o
LOAD Drivers/STM32L4xx_HAL_Driver/Src/stm32l4xx_hal_pwr.o
LOAD Drivers/STM32L4xx_HAL_Driver/Src/stm32l4xx_hal_pwr_ex.o
LOAD Drivers/STM32L4xx_HAL_Driver/Src/stm32l4xx_hal_rcc.o
LOAD Drivers/STM32L4xx_HAL_Driver/Src/stm32l4xx_hal_rcc_ex.o
LOAD Drivers/STM32L4xx_HAL_Driver/Src/stm32l4xx_hal_tim.o
LOAD Drivers/STM32L4xx_HAL_Driver/Src/stm32l4xx_hal_tim_ex.o
LOAD Drivers/STM32L4xx_HAL_Driver/Src/stm32l4xx_hal_uart.o
LOAD Drivers/STM32L4xx_HAL_Driver/Src/stm32l4xx_hal_uart_ex.o
START GROUP
LOAD c:/st/stm32cubeide_1.5.0/stm32cubeide/plugins/com.st.stm32cube.ide.mcu.externaltools.gnu-tools-for-stm32.7-2018-q2-update.win32_1.5.0.202011040924/tools/bin/../lib/gcc/arm-none-eabi/7.3.1/../../../../arm-none-eabi/lib/thumb/v7e-m/fpv4-sp/hard\libc_nano.a
LOAD c:/st/stm32cubeide_1.5.0/stm32cubeide/plugins/com.st.stm32cube.ide.mcu.externaltools.gnu-tools-for-stm32.7-2018-q2-update.win32_1.5.0.202011040924/tools/bin/../lib/gcc/arm-none-eabi/7.3.1/../../../../arm-none-eabi/lib/thumb/v7e-m/fpv4-sp/hard\libm.a
END GROUP
START GROUP
LOAD c:/st/stm32cubeide_1.5.0/stm32cubeide/plugins/com.st.stm32cube.ide.mcu.externaltools.gnu-tools-for-stm32.7-2018-q2-update.win32_1.5.0.202011040924/tools/bin/../lib/gcc/arm-none-eabi/7.3.1/thumb/v7e-m/fpv4-sp/hard\libgcc.a
LOAD c:/st/stm32cubeide_1.5.0/stm32cubeide/plugins/com.st.stm32cube.ide.mcu.externaltools.gnu-tools-for-stm32.7-2018-q2-update.win32_1.5.0.202011040924/tools/bin/../lib/gcc/arm-none-eabi/7.3.1/../../../../arm-none-eabi/lib/thumb/v7e-m/fpv4-sp/hard\libc_nano.a
END GROUP
START GROUP
LOAD c:/st/stm32cubeide_1.5.0/stm32cubeide/plugins/com.st.stm32cube.ide.mcu.externaltools.gnu-tools-for-stm32.7-2018-q2-update.win32_1.5.0.202011040924/tools/bin/../lib/gcc/arm-none-eabi/7.3.1/thumb/v7e-m/fpv4-sp/hard\libgcc.a
LOAD c:/st/stm32cubeide_1.5.0/stm32cubeide/plugins/com.st.stm32cube.ide.mcu.externaltools.gnu-tools-for-stm32.7-2018-q2-update.win32_1.5.0.202011040924/tools/bin/../lib/gcc/arm-none-eabi/7.3.1/../../../../arm-none-eabi/lib/thumb/v7e-m/fpv4-sp/hard\libc_nano.a
LOAD c:/st/stm32cubeide_1.5.0/stm32cubeide/plugins/com.st.stm32cube.ide.mcu.externaltools.gnu-tools-for-stm32.7-2018-q2-update.win32_1.5.0.202011040924/tools/bin/../lib/gcc/arm-none-eabi/7.3.1/../../../../arm-none-eabi/lib/thumb/v7e-m/fpv4-sp/hard\libnosys.a
END GROUP
START GROUP
LOAD c:/st/stm32cubeide_1.5.0/stm32cubeide/plugins/com.st.stm32cube.ide.mcu.externaltools.gnu-tools-for-stm32.7-2018-q2-update.win32_1.5.0.202011040924/tools/bin/../lib/gcc/arm-none-eabi/7.3.1/thumb/v7e-m/fpv4-sp/hard\libgcc.a
LOAD c:/st/stm32cubeide_1.5.0/stm32cubeide/plugins/com.st.stm32cube.ide.mcu.externaltools.gnu-tools-for-stm32.7-2018-q2-update.win32_1.5.0.202011040924/tools/bin/../lib/gcc/arm-none-eabi/7.3.1/../../../../arm-none-eabi/lib/thumb/v7e-m/fpv4-sp/hard\libc_nano.a
LOAD c:/st/stm32cubeide_1.5.0/stm32cubeide/plugins/com.st.stm32cube.ide.mcu.externaltools.gnu-tools-for-stm32.7-2018-q2-update.win32_1.5.0.202011040924/tools/bin/../lib/gcc/arm-none-eabi/7.3.1/../../../../arm-none-eabi/lib/thumb/v7e-m/fpv4-sp/hard\libnosys.a
END GROUP
LOAD c:/st/stm32cubeide_1.5.0/stm32cubeide/plugins/com.st.stm32cube.ide.mcu.externaltools.gnu-tools-for-stm32.7-2018-q2-update.win32_1.5.0.202011040924/tools/bin/../lib/gcc/arm-none-eabi/7.3.1/thumb/v7e-m/fpv4-sp/hard/crtend.o
LOAD c:/st/stm32cubeide_1.5.0/stm32cubeide/plugins/com.st.stm32cube.ide.mcu.externaltools.gnu-tools-for-stm32.7-2018-q2-update.win32_1.5.0.202011040924/tools/bin/../lib/gcc/arm-none-eabi/7.3.1/thumb/v7e-m/fpv4-sp/hard/crtn.o
                0x00000000200a0000                _estack = (ORIGIN (RAM) + LENGTH (RAM))
                0x0000000000000200                _Min_Heap_Size = 0x200
                0x0000000000000400                _Min_Stack_Size = 0x400

.isr_vector     0x0000000008000000      0x1bc
                0x0000000008000000                . = ALIGN (0x4)
 *(.isr_vector)
 .isr_vector    0x0000000008000000      0x1bc Core/Startup/startup_stm32l4s5vitx.o
                0x0000000008000000                g_pfnVectors
                0x00000000080001bc                . = ALIGN (0x4)

.text           0x00000000080001c0     0x65f4
                0x00000000080001c0                . = ALIGN (0x4)
 *(.text)
 .text          0x00000000080001c0       0x40 c:/st/stm32cubeide_1.5.0/stm32cubeide/plugins/com.st.stm32cube.ide.mcu.externaltools.gnu-tools-for-stm32.7-2018-q2-update.win32_1.5.0.202011040924/tools/bin/../lib/gcc/arm-none-eabi/7.3.1/thumb/v7e-m/fpv4-sp/hard/crtbegin.o
 .text          0x0000000008000200       0xa0 c:/st/stm32cubeide_1.5.0/stm32cubeide/plugins/com.st.stm32cube.ide.mcu.externaltools.gnu-tools-for-stm32.7-2018-q2-update.win32_1.5.0.202011040924/tools/bin/../lib/gcc/arm-none-eabi/7.3.1/../../../../arm-none-eabi/lib/thumb/v7e-m/fpv4-sp/hard\libc_nano.a(lib_a-memchr.o)
                0x0000000008000200                memchr
 .text          0x00000000080002a0       0x30 c:/st/stm32cubeide_1.5.0/stm32cubeide/plugins/com.st.stm32cube.ide.mcu.externaltools.gnu-tools-for-stm32.7-2018-q2-update.win32_1.5.0.202011040924/tools/bin/../lib/gcc/arm-none-eabi/7.3.1/thumb/v7e-m/fpv4-sp/hard\libgcc.a(_aeabi_uldivmod.o)
                0x00000000080002a0                __aeabi_uldivmod
 .text          0x00000000080002d0      0x2cc c:/st/stm32cubeide_1.5.0/stm32cubeide/plugins/com.st.stm32cube.ide.mcu.externaltools.gnu-tools-for-stm32.7-2018-q2-update.win32_1.5.0.202011040924/tools/bin/../lib/gcc/arm-none-eabi/7.3.1/thumb/v7e-m/fpv4-sp/hard\libgcc.a(_udivmoddi4.o)
                0x00000000080002d0                __udivmoddi4
 .text          0x000000000800059c        0x4 c:/st/stm32cubeide_1.5.0/stm32cubeide/plugins/com.st.stm32cube.ide.mcu.externaltools.gnu-tools-for-stm32.7-2018-q2-update.win32_1.5.0.202011040924/tools/bin/../lib/gcc/arm-none-eabi/7.3.1/thumb/v7e-m/fpv4-sp/hard\libgcc.a(_dvmd_tls.o)
                0x000000000800059c                __aeabi_idiv0
                0x000000000800059c                __aeabi_ldiv0
 *(.text*)
 .text.BSP_I2C2_Init
                0x00000000080005a0       0x7c Core/Src/custom_bus.o
                0x00000000080005a0                BSP_I2C2_Init
 .text.BSP_I2C2_DeInit
                0x000000000800061c       0x50 Core/Src/custom_bus.o
                0x000000000800061c                BSP_I2C2_DeInit
 .text.BSP_I2C2_WriteReg
                0x000000000800066c       0x64 Core/Src/custom_bus.o
                0x000000000800066c                BSP_I2C2_WriteReg
 .text.BSP_I2C2_ReadReg
                0x00000000080006d0       0x64 Core/Src/custom_bus.o
                0x00000000080006d0                BSP_I2C2_ReadReg
 .text.BSP_GetTick
                0x0000000008000734        0xe Core/Src/custom_bus.o
                0x0000000008000734                BSP_GetTick
 *fill*         0x0000000008000742        0x2 
 .text.MX_I2C2_Init
                0x0000000008000744       0x88 Core/Src/custom_bus.o
                0x0000000008000744                MX_I2C2_Init
 .text.I2C2_MspInit
                0x00000000080007cc       0x8c Core/Src/custom_bus.o
 .text.I2C2_MspDeInit
                0x0000000008000858       0x38 Core/Src/custom_bus.o
 .text.__io_putchar
                0x0000000008000890       0x2c Core/Src/main.o
                0x0000000008000890                __io_putchar
 .text.__io_getchar
                0x00000000080008bc       0x30 Core/Src/main.o
                0x00000000080008bc                __io_getchar
 .text.main     0x00000000080008ec       0x54 Core/Src/main.o
                0x00000000080008ec                main
 .text.SystemClock_Config
                0x0000000008000940       0xce Core/Src/main.o
                0x0000000008000940                SystemClock_Config
 *fill*         0x0000000008000a0e        0x2 
 .text.MX_USART1_UART_Init
                0x0000000008000a10       0x98 Core/Src/main.o
 .text.MX_GPIO_Init
                0x0000000008000aa8       0x9c Core/Src/main.o
 .text.MEMS_Init
                0x0000000008000b44       0x94 Core/Src/main.o
 .text.HAL_GPIO_EXTI_Callback
                0x0000000008000bd8       0x2c Core/Src/main.o
                0x0000000008000bd8                HAL_GPIO_EXTI_Callback
 .text.Error_Handler
                0x0000000008000c04        0x8 Core/Src/main.o
                0x0000000008000c04                Error_Handler
 .text.HAL_MspInit
                0x0000000008000c0c       0x48 Core/Src/stm32l4xx_hal_msp.o
                0x0000000008000c0c                HAL_MspInit
 .text.HAL_UART_MspInit
                0x0000000008000c54       0x88 Core/Src/stm32l4xx_hal_msp.o
                0x0000000008000c54                HAL_UART_MspInit
 .text.NMI_Handler
                0x0000000008000cdc        0x6 Core/Src/stm32l4xx_it.o
                0x0000000008000cdc                NMI_Handler
 .text.HardFault_Handler
                0x0000000008000ce2        0x6 Core/Src/stm32l4xx_it.o
                0x0000000008000ce2                HardFault_Handler
 .text.MemManage_Handler
                0x0000000008000ce8        0x6 Core/Src/stm32l4xx_it.o
                0x0000000008000ce8                MemManage_Handler
 .text.BusFault_Handler
                0x0000000008000cee        0x6 Core/Src/stm32l4xx_it.o
                0x0000000008000cee                BusFault_Handler
 .text.UsageFault_Handler
                0x0000000008000cf4        0x6 Core/Src/stm32l4xx_it.o
                0x0000000008000cf4                UsageFault_Handler
 .text.SVC_Handler
                0x0000000008000cfa        0xe Core/Src/stm32l4xx_it.o
                0x0000000008000cfa                SVC_Handler
 .text.DebugMon_Handler
                0x0000000008000d08        0xe Core/Src/stm32l4xx_it.o
                0x0000000008000d08                DebugMon_Handler
 .text.PendSV_Handler
                0x0000000008000d16        0xe Core/Src/stm32l4xx_it.o
                0x0000000008000d16                PendSV_Handler
 .text.SysTick_Handler
                0x0000000008000d24        0xc Core/Src/stm32l4xx_it.o
                0x0000000008000d24                SysTick_Handler
 .text.EXTI15_10_IRQHandler
                0x0000000008000d30       0x10 Core/Src/stm32l4xx_it.o
                0x0000000008000d30                EXTI15_10_IRQHandler
 .text._read    0x0000000008000d40       0x3a Core/Src/syscalls.o
                0x0000000008000d40                _read
 .text._write   0x0000000008000d7a       0x38 Core/Src/syscalls.o
                0x0000000008000d7a                _write
 .text._close   0x0000000008000db2       0x18 Core/Src/syscalls.o
                0x0000000008000db2                _close
 .text._fstat   0x0000000008000dca       0x20 Core/Src/syscalls.o
                0x0000000008000dca                _fstat
 .text._isatty  0x0000000008000dea       0x16 Core/Src/syscalls.o
                0x0000000008000dea                _isatty
 .text._lseek   0x0000000008000e00       0x1a Core/Src/syscalls.o
                0x0000000008000e00                _lseek
 *fill*         0x0000000008000e1a        0x2 
 .text._sbrk    0x0000000008000e1c       0x6c Core/Src/sysmem.o
                0x0000000008000e1c                _sbrk
 .text.SystemInit
                0x0000000008000e88       0x6c Core/Src/system_stm32l4xx.o
                0x0000000008000e88                SystemInit
 .text.Reset_Handler
                0x0000000008000ef4       0x50 Core/Startup/startup_stm32l4s5vitx.o
                0x0000000008000ef4                Reset_Handler
 .text.Default_Handler
                0x0000000008000f44        0x2 Core/Startup/startup_stm32l4s5vitx.o
                0x0000000008000f44                RTC_Alarm_IRQHandler
                0x0000000008000f44                EXTI2_IRQHandler
                0x0000000008000f44                TIM8_TRG_COM_IRQHandler
                0x0000000008000f44                TIM8_CC_IRQHandler
                0x0000000008000f44                TIM1_CC_IRQHandler
                0x0000000008000f44                TSC_IRQHandler
                0x0000000008000f44                TAMP_STAMP_IRQHandler
                0x0000000008000f44                EXTI3_IRQHandler
                0x0000000008000f44                LPTIM2_IRQHandler
                0x0000000008000f44                DFSDM1_FLT1_IRQHandler
                0x0000000008000f44                GFXMMU_IRQHandler
                0x0000000008000f44                I2C3_ER_IRQHandler
                0x0000000008000f44                DFSDM1_FLT2_IRQHandler
                0x0000000008000f44                EXTI0_IRQHandler
                0x0000000008000f44                I2C2_EV_IRQHandler
                0x0000000008000f44                CAN1_RX0_IRQHandler
                0x0000000008000f44                FPU_IRQHandler
                0x0000000008000f44                TIM1_UP_TIM16_IRQHandler
                0x0000000008000f44                LTDC_ER_IRQHandler
                0x0000000008000f44                SPI1_IRQHandler
                0x0000000008000f44                OCTOSPI1_IRQHandler
                0x0000000008000f44                TIM6_DAC_IRQHandler
                0x0000000008000f44                DCMI_IRQHandler
                0x0000000008000f44                TIM8_UP_IRQHandler
                0x0000000008000f44                OCTOSPI2_IRQHandler
                0x0000000008000f44                DMA2_Channel2_IRQHandler
                0x0000000008000f44                DMA1_Channel4_IRQHandler
                0x0000000008000f44                SAI2_IRQHandler
                0x0000000008000f44                ADC1_IRQHandler
                0x0000000008000f44                DFSDM1_FLT3_IRQHandler
                0x0000000008000f44                USART3_IRQHandler
                0x0000000008000f44                DMA1_Channel7_IRQHandler
                0x0000000008000f44                CAN1_RX1_IRQHandler
                0x0000000008000f44                UART5_IRQHandler
                0x0000000008000f44                TIM4_IRQHandler
                0x0000000008000f44                DMA2_Channel1_IRQHandler
                0x0000000008000f44                I2C1_EV_IRQHandler
                0x0000000008000f44                DMAMUX1_OVR_IRQHandler
                0x0000000008000f44                DMA1_Channel6_IRQHandler
                0x0000000008000f44                UART4_IRQHandler
                0x0000000008000f44                DMA2_Channel4_IRQHandler
                0x0000000008000f44                TIM3_IRQHandler
                0x0000000008000f44                RCC_IRQHandler
                0x0000000008000f44                DMA1_Channel1_IRQHandler
                0x0000000008000f44                Default_Handler
                0x0000000008000f44                DMA2_Channel7_IRQHandler
                0x0000000008000f44                TIM7_IRQHandler
                0x0000000008000f44                SDMMC1_IRQHandler
                0x0000000008000f44                TIM5_IRQHandler
                0x0000000008000f44                I2C3_EV_IRQHandler
                0x0000000008000f44                EXTI9_5_IRQHandler
                0x0000000008000f44                RTC_WKUP_IRQHandler
                0x0000000008000f44                LTDC_IRQHandler
                0x0000000008000f44                PVD_PVM_IRQHandler
                0x0000000008000f44                SPI2_IRQHandler
                0x0000000008000f44                CAN1_TX_IRQHandler
                0x0000000008000f44                DMA2_Channel5_IRQHandler
                0x0000000008000f44                DMA1_Channel5_IRQHandler
                0x0000000008000f44                EXTI4_IRQHandler
                0x0000000008000f44                RNG_IRQHandler
                0x0000000008000f44                TIM1_TRG_COM_TIM17_IRQHandler
                0x0000000008000f44                DMA1_Channel3_IRQHandler
                0x0000000008000f44                COMP_IRQHandler
                0x0000000008000f44                HASH_CRS_IRQHandler
                0x0000000008000f44                WWDG_IRQHandler
                0x0000000008000f44                I2C4_EV_IRQHandler
                0x0000000008000f44                LPUART1_IRQHandler
                0x0000000008000f44                DMA2_Channel6_IRQHandler
                0x0000000008000f44                TIM2_IRQHandler
                0x0000000008000f44                DMA2D_IRQHandler
                0x0000000008000f44                EXTI1_IRQHandler
                0x0000000008000f44                AES_IRQHandler
                0x0000000008000f44                USART2_IRQHandler
                0x0000000008000f44                DFSDM1_FLT0_IRQHandler
                0x0000000008000f44                I2C2_ER_IRQHandler
                0x0000000008000f44                DMA1_Channel2_IRQHandler
                0x0000000008000f44                TIM8_BRK_IRQHandler
                0x0000000008000f44                CAN1_SCE_IRQHandler
                0x0000000008000f44                FLASH_IRQHandler
                0x0000000008000f44                USART1_IRQHandler
                0x0000000008000f44                OTG_FS_IRQHandler
                0x0000000008000f44                SPI3_IRQHandler
                0x0000000008000f44                I2C1_ER_IRQHandler
                0x0000000008000f44                FMC_IRQHandler
                0x0000000008000f44                LPTIM1_IRQHandler
                0x0000000008000f44                I2C4_ER_IRQHandler
                0x0000000008000f44                SAI1_IRQHandler
                0x0000000008000f44                DMA2_Channel3_IRQHandler
                0x0000000008000f44                TIM1_BRK_TIM15_IRQHandler
 *fill*         0x0000000008000f46        0x2 
 .text.LSM6DSL_RegisterBusIO
                0x0000000008000f48       0xcc Drivers/BSP/Components/lsm6dsl/lsm6dsl.o
                0x0000000008000f48                LSM6DSL_RegisterBusIO
 .text.LSM6DSL_Init
                0x0000000008001014       0xd2 Drivers/BSP/Components/lsm6dsl/lsm6dsl.o
                0x0000000008001014                LSM6DSL_Init
 .text.LSM6DSL_ReadID
                0x00000000080010e6       0x2c Drivers/BSP/Components/lsm6dsl/lsm6dsl.o
                0x00000000080010e6                LSM6DSL_ReadID
 .text.LSM6DSL_ACC_Enable
                0x0000000008001112       0x48 Drivers/BSP/Components/lsm6dsl/lsm6dsl.o
                0x0000000008001112                LSM6DSL_ACC_Enable
 *fill*         0x000000000800115a        0x2 
 .text.LSM6DSL_ACC_GetSensitivity
                0x000000000800115c       0x8c Drivers/BSP/Components/lsm6dsl/lsm6dsl.o
                0x000000000800115c                LSM6DSL_ACC_GetSensitivity
 .text.LSM6DSL_ACC_SetOutputDataRate
                0x00000000080011e8       0x38 Drivers/BSP/Components/lsm6dsl/lsm6dsl.o
                0x00000000080011e8                LSM6DSL_ACC_SetOutputDataRate
 .text.LSM6DSL_ACC_SetFullScale
                0x0000000008001220       0x50 Drivers/BSP/Components/lsm6dsl/lsm6dsl.o
                0x0000000008001220                LSM6DSL_ACC_SetFullScale
 .text.LSM6DSL_ACC_GetAxesRaw
                0x0000000008001270       0x48 Drivers/BSP/Components/lsm6dsl/lsm6dsl.o
                0x0000000008001270                LSM6DSL_ACC_GetAxesRaw
 .text.LSM6DSL_ACC_GetAxes
                0x00000000080012b8       0xae Drivers/BSP/Components/lsm6dsl/lsm6dsl.o
                0x00000000080012b8                LSM6DSL_ACC_GetAxes
 .text.LSM6DSL_Write_Reg
                0x0000000008001366       0x36 Drivers/BSP/Components/lsm6dsl/lsm6dsl.o
                0x0000000008001366                LSM6DSL_Write_Reg
 .text.LSM6DSL_ACC_Set_INT1_DRDY
                0x000000000800139c       0x68 Drivers/BSP/Components/lsm6dsl/lsm6dsl.o
                0x000000000800139c                LSM6DSL_ACC_Set_INT1_DRDY
 .text.LSM6DSL_ACC_SetOutputDataRate_When_Enabled
                0x0000000008001404      0x118 Drivers/BSP/Components/lsm6dsl/lsm6dsl.o
 .text.LSM6DSL_ACC_SetOutputDataRate_When_Disabled
                0x000000000800151c      0x104 Drivers/BSP/Components/lsm6dsl/lsm6dsl.o
 .text.ReadRegWrap
                0x0000000008001620       0x36 Drivers/BSP/Components/lsm6dsl/lsm6dsl.o
 .text.WriteRegWrap
                0x0000000008001656       0x36 Drivers/BSP/Components/lsm6dsl/lsm6dsl.o
 .text.lsm6dsl_read_reg
                0x000000000800168c       0x30 Drivers/BSP/Components/lsm6dsl/lsm6dsl_reg.o
                0x000000000800168c                lsm6dsl_read_reg
 .text.lsm6dsl_write_reg
                0x00000000080016bc       0x30 Drivers/BSP/Components/lsm6dsl/lsm6dsl_reg.o
                0x00000000080016bc                lsm6dsl_write_reg
 .text.lsm6dsl_xl_full_scale_set
                0x00000000080016ec       0x4c Drivers/BSP/Components/lsm6dsl/lsm6dsl_reg.o
                0x00000000080016ec                lsm6dsl_xl_full_scale_set
 .text.lsm6dsl_xl_full_scale_get
                0x0000000008001738       0x70 Drivers/BSP/Components/lsm6dsl/lsm6dsl_reg.o
                0x0000000008001738                lsm6dsl_xl_full_scale_get
 .text.lsm6dsl_xl_data_rate_set
                0x00000000080017a8       0x4c Drivers/BSP/Components/lsm6dsl/lsm6dsl_reg.o
                0x00000000080017a8                lsm6dsl_xl_data_rate_set
 .text.lsm6dsl_gy_full_scale_set
                0x00000000080017f4       0x4c Drivers/BSP/Components/lsm6dsl/lsm6dsl_reg.o
                0x00000000080017f4                lsm6dsl_gy_full_scale_set
 .text.lsm6dsl_gy_data_rate_set
                0x0000000008001840       0x4c Drivers/BSP/Components/lsm6dsl/lsm6dsl_reg.o
                0x0000000008001840                lsm6dsl_gy_data_rate_set
 .text.lsm6dsl_block_data_update_set
                0x000000000800188c       0x4c Drivers/BSP/Components/lsm6dsl/lsm6dsl_reg.o
                0x000000000800188c                lsm6dsl_block_data_update_set
 .text.lsm6dsl_acceleration_raw_get
                0x00000000080018d8       0x22 Drivers/BSP/Components/lsm6dsl/lsm6dsl_reg.o
                0x00000000080018d8                lsm6dsl_acceleration_raw_get
 .text.lsm6dsl_device_id_get
                0x00000000080018fa       0x22 Drivers/BSP/Components/lsm6dsl/lsm6dsl_reg.o
                0x00000000080018fa                lsm6dsl_device_id_get
 .text.lsm6dsl_auto_increment_set
                0x000000000800191c       0x4c Drivers/BSP/Components/lsm6dsl/lsm6dsl_reg.o
                0x000000000800191c                lsm6dsl_auto_increment_set
 .text.lsm6dsl_pin_int1_route_set
                0x0000000008001968      0x2c6 Drivers/BSP/Components/lsm6dsl/lsm6dsl_reg.o
                0x0000000008001968                lsm6dsl_pin_int1_route_set
 .text.lsm6dsl_pin_int1_route_get
                0x0000000008001c2e      0x1ac Drivers/BSP/Components/lsm6dsl/lsm6dsl_reg.o
                0x0000000008001c2e                lsm6dsl_pin_int1_route_get
 .text.lsm6dsl_fifo_mode_set
                0x0000000008001dda       0x4c Drivers/BSP/Components/lsm6dsl/lsm6dsl_reg.o
                0x0000000008001dda                lsm6dsl_fifo_mode_set
 .text.HAL_Init
                0x0000000008001e26       0x30 Drivers/STM32L4xx_HAL_Driver/Src/stm32l4xx_hal.o
                0x0000000008001e26                HAL_Init
 *fill*         0x0000000008001e56        0x2 
 .text.HAL_InitTick
                0x0000000008001e58       0x78 Drivers/STM32L4xx_HAL_Driver/Src/stm32l4xx_hal.o
                0x0000000008001e58                HAL_InitTick
 .text.HAL_IncTick
                0x0000000008001ed0       0x28 Drivers/STM32L4xx_HAL_Driver/Src/stm32l4xx_hal.o
                0x0000000008001ed0                HAL_IncTick
 .text.HAL_GetTick
                0x0000000008001ef8       0x18 Drivers/STM32L4xx_HAL_Driver/Src/stm32l4xx_hal.o
                0x0000000008001ef8                HAL_GetTick
 .text.__NVIC_SetPriorityGrouping
                0x0000000008001f10       0x48 Drivers/STM32L4xx_HAL_Driver/Src/stm32l4xx_hal_cortex.o
 .text.__NVIC_GetPriorityGrouping
                0x0000000008001f58       0x1c Drivers/STM32L4xx_HAL_Driver/Src/stm32l4xx_hal_cortex.o
 .text.__NVIC_EnableIRQ
                0x0000000008001f74       0x3c Drivers/STM32L4xx_HAL_Driver/Src/stm32l4xx_hal_cortex.o
 .text.__NVIC_SetPriority
                0x0000000008001fb0       0x54 Drivers/STM32L4xx_HAL_Driver/Src/stm32l4xx_hal_cortex.o
 .text.NVIC_EncodePriority
                0x0000000008002004       0x66 Drivers/STM32L4xx_HAL_Driver/Src/stm32l4xx_hal_cortex.o
 *fill*         0x000000000800206a        0x2 
 .text.SysTick_Config
                0x000000000800206c       0x44 Drivers/STM32L4xx_HAL_Driver/Src/stm32l4xx_hal_cortex.o
 .text.HAL_NVIC_SetPriorityGrouping
                0x00000000080020b0       0x16 Drivers/STM32L4xx_HAL_Driver/Src/stm32l4xx_hal_cortex.o
                0x00000000080020b0                HAL_NVIC_SetPriorityGrouping
 .text.HAL_NVIC_SetPriority
                0x00000000080020c6       0x38 Drivers/STM32L4xx_HAL_Driver/Src/stm32l4xx_hal_cortex.o
                0x00000000080020c6                HAL_NVIC_SetPriority
 .text.HAL_NVIC_EnableIRQ
                0x00000000080020fe       0x1c Drivers/STM32L4xx_HAL_Driver/Src/stm32l4xx_hal_cortex.o
                0x00000000080020fe                HAL_NVIC_EnableIRQ
 .text.HAL_SYSTICK_Config
                0x000000000800211a       0x18 Drivers/STM32L4xx_HAL_Driver/Src/stm32l4xx_hal_cortex.o
                0x000000000800211a                HAL_SYSTICK_Config
 *fill*         0x0000000008002132        0x2 
 .text.HAL_GPIO_Init
                0x0000000008002134      0x324 Drivers/STM32L4xx_HAL_Driver/Src/stm32l4xx_hal_gpio.o
                0x0000000008002134                HAL_GPIO_Init
 .text.HAL_GPIO_DeInit
                0x0000000008002458      0x1e4 Drivers/STM32L4xx_HAL_Driver/Src/stm32l4xx_hal_gpio.o
                0x0000000008002458                HAL_GPIO_DeInit
 .text.HAL_GPIO_EXTI_IRQHandler
                0x000000000800263c       0x30 Drivers/STM32L4xx_HAL_Driver/Src/stm32l4xx_hal_gpio.o
                0x000000000800263c                HAL_GPIO_EXTI_IRQHandler
 .text.HAL_I2C_Init
                0x000000000800266c      0x11e Drivers/STM32L4xx_HAL_Driver/Src/stm32l4xx_hal_i2c.o
                0x000000000800266c                HAL_I2C_Init
 .text.HAL_I2C_DeInit
                0x000000000800278a       0x5e Drivers/STM32L4xx_HAL_Driver/Src/stm32l4xx_hal_i2c.o
                0x000000000800278a                HAL_I2C_DeInit
 .text.HAL_I2C_MspInit
                0x00000000080027e8       0x14 Drivers/STM32L4xx_HAL_Driver/Src/stm32l4xx_hal_i2c.o
                0x00000000080027e8                HAL_I2C_MspInit
 .text.HAL_I2C_MspDeInit
                0x00000000080027fc       0x14 Drivers/STM32L4xx_HAL_Driver/Src/stm32l4xx_hal_i2c.o
                0x00000000080027fc                HAL_I2C_MspDeInit
 .text.HAL_I2C_Mem_Write
                0x0000000008002810      0x228 Drivers/STM32L4xx_HAL_Driver/Src/stm32l4xx_hal_i2c.o
                0x0000000008002810                HAL_I2C_Mem_Write
 .text.HAL_I2C_Mem_Read
                0x0000000008002a38      0x234 Drivers/STM32L4xx_HAL_Driver/Src/stm32l4xx_hal_i2c.o
                0x0000000008002a38                HAL_I2C_Mem_Read
 .text.HAL_I2C_GetState
                0x0000000008002c6c       0x1c Drivers/STM32L4xx_HAL_Driver/Src/stm32l4xx_hal_i2c.o
                0x0000000008002c6c                HAL_I2C_GetState
 .text.HAL_I2C_GetError
                0x0000000008002c88       0x18 Drivers/STM32L4xx_HAL_Driver/Src/stm32l4xx_hal_i2c.o
                0x0000000008002c88                HAL_I2C_GetError
 .text.I2C_RequestMemoryWrite
                0x0000000008002ca0       0xa8 Drivers/STM32L4xx_HAL_Driver/Src/stm32l4xx_hal_i2c.o
 .text.I2C_RequestMemoryRead
                0x0000000008002d48       0xa8 Drivers/STM32L4xx_HAL_Driver/Src/stm32l4xx_hal_i2c.o
 .text.I2C_Flush_TXDR
                0x0000000008002df0       0x48 Drivers/STM32L4xx_HAL_Driver/Src/stm32l4xx_hal_i2c.o
 .text.I2C_WaitOnFlagUntilTimeout
                0x0000000008002e38       0x80 Drivers/STM32L4xx_HAL_Driver/Src/stm32l4xx_hal_i2c.o
 .text.I2C_WaitOnTXISFlagUntilTimeout
                0x0000000008002eb8       0x80 Drivers/STM32L4xx_HAL_Driver/Src/stm32l4xx_hal_i2c.o
 .text.I2C_WaitOnSTOPFlagUntilTimeout
                0x0000000008002f38       0x78 Drivers/STM32L4xx_HAL_Driver/Src/stm32l4xx_hal_i2c.o
 .text.I2C_IsAcknowledgeFailed
                0x0000000008002fb0       0xcc Drivers/STM32L4xx_HAL_Driver/Src/stm32l4xx_hal_i2c.o
 .text.I2C_TransferConfig
                0x000000000800307c       0x5c Drivers/STM32L4xx_HAL_Driver/Src/stm32l4xx_hal_i2c.o
 .text.HAL_I2CEx_ConfigAnalogFilter
                0x00000000080030d8       0x96 Drivers/STM32L4xx_HAL_Driver/Src/stm32l4xx_hal_i2c_ex.o
                0x00000000080030d8                HAL_I2CEx_ConfigAnalogFilter
 .text.HAL_I2CEx_ConfigDigitalFilter
                0x000000000800316e       0x98 Drivers/STM32L4xx_HAL_Driver/Src/stm32l4xx_hal_i2c_ex.o
                0x000000000800316e                HAL_I2CEx_ConfigDigitalFilter
 *fill*         0x0000000008003206        0x2 
 .text.HAL_PWREx_GetVoltageRange
                0x0000000008003208       0x40 Drivers/STM32L4xx_HAL_Driver/Src/stm32l4xx_hal_pwr_ex.o
                0x0000000008003208                HAL_PWREx_GetVoltageRange
 .text.HAL_PWREx_ControlVoltageScaling
                0x0000000008003248      0x148 Drivers/STM32L4xx_HAL_Driver/Src/stm32l4xx_hal_pwr_ex.o
                0x0000000008003248                HAL_PWREx_ControlVoltageScaling
 .text.HAL_RCC_OscConfig
                0x0000000008003390      0x84c Drivers/STM32L4xx_HAL_Driver/Src/stm32l4xx_hal_rcc.o
                0x0000000008003390                HAL_RCC_OscConfig
 .text.HAL_RCC_ClockConfig
                0x0000000008003bdc      0x258 Drivers/STM32L4xx_HAL_Driver/Src/stm32l4xx_hal_rcc.o
                0x0000000008003bdc                HAL_RCC_ClockConfig
 .text.HAL_RCC_GetSysClockFreq
                0x0000000008003e34      0x114 Drivers/STM32L4xx_HAL_Driver/Src/stm32l4xx_hal_rcc.o
                0x0000000008003e34                HAL_RCC_GetSysClockFreq
 .text.HAL_RCC_GetHCLKFreq
                0x0000000008003f48       0x18 Drivers/STM32L4xx_HAL_Driver/Src/stm32l4xx_hal_rcc.o
                0x0000000008003f48                HAL_RCC_GetHCLKFreq
 .text.HAL_RCC_GetPCLK1Freq
                0x0000000008003f60       0x2c Drivers/STM32L4xx_HAL_Driver/Src/stm32l4xx_hal_rcc.o
                0x0000000008003f60                HAL_RCC_GetPCLK1Freq
 .text.HAL_RCC_GetPCLK2Freq
                0x0000000008003f8c       0x2c Drivers/STM32L4xx_HAL_Driver/Src/stm32l4xx_hal_rcc.o
                0x0000000008003f8c                HAL_RCC_GetPCLK2Freq
 .text.RCC_SetFlashLatencyFromMSIRange
                0x0000000008003fb8       0xb4 Drivers/STM32L4xx_HAL_Driver/Src/stm32l4xx_hal_rcc.o
 .text.RCC_GetSysClockFreqFromPLLSource
                0x000000000800406c       0xd0 Drivers/STM32L4xx_HAL_Driver/Src/stm32l4xx_hal_rcc.o
 .text.HAL_RCCEx_PeriphCLKConfig
                0x000000000800413c      0x650 Drivers/STM32L4xx_HAL_Driver/Src/stm32l4xx_hal_rcc_ex.o
                0x000000000800413c                HAL_RCCEx_PeriphCLKConfig
 .text.RCCEx_PLLSAI1_Config
                0x000000000800478c      0x1e0 Drivers/STM32L4xx_HAL_Driver/Src/stm32l4xx_hal_rcc_ex.o
 .text.RCCEx_PLLSAI2_Config
                0x000000000800496c      0x1e0 Drivers/STM32L4xx_HAL_Driver/Src/stm32l4xx_hal_rcc_ex.o
 .text.HAL_UART_Init
                0x0000000008004b4c       0xa0 Drivers/STM32L4xx_HAL_Driver/Src/stm32l4xx_hal_uart.o
                0x0000000008004b4c                HAL_UART_Init
 .text.HAL_UART_Transmit
                0x0000000008004bec      0x12e Drivers/STM32L4xx_HAL_Driver/Src/stm32l4xx_hal_uart.o
                0x0000000008004bec                HAL_UART_Transmit
 .text.HAL_UART_Receive
                0x0000000008004d1a      0x1a2 Drivers/STM32L4xx_HAL_Driver/Src/stm32l4xx_hal_uart.o
                0x0000000008004d1a                HAL_UART_Receive
 .text.UART_SetConfig
                0x0000000008004ebc      0x5a4 Drivers/STM32L4xx_HAL_Driver/Src/stm32l4xx_hal_uart.o
                0x0000000008004ebc                UART_SetConfig
 .text.UART_AdvFeatureConfig
                0x0000000008005460      0x144 Drivers/STM32L4xx_HAL_Driver/Src/stm32l4xx_hal_uart.o
                0x0000000008005460                UART_AdvFeatureConfig
 .text.UART_CheckIdleState
                0x00000000080055a4       0x90 Drivers/STM32L4xx_HAL_Driver/Src/stm32l4xx_hal_uart.o
                0x00000000080055a4                UART_CheckIdleState
 .text.UART_WaitOnFlagUntilTimeout
                0x0000000008005634      0x100 Drivers/STM32L4xx_HAL_Driver/Src/stm32l4xx_hal_uart.o
                0x0000000008005634                UART_WaitOnFlagUntilTimeout
 .text.HAL_UARTEx_DisableFifoMode
                0x0000000008005734       0x72 Drivers/STM32L4xx_HAL_Driver/Src/stm32l4xx_hal_uart_ex.o
                0x0000000008005734                HAL_UARTEx_DisableFifoMode
 .text.HAL_UARTEx_SetTxFifoThreshold
                0x00000000080057a6       0x7c Drivers/STM32L4xx_HAL_Driver/Src/stm32l4xx_hal_uart_ex.o
                0x00000000080057a6                HAL_UARTEx_SetTxFifoThreshold
 .text.HAL_UARTEx_SetRxFifoThreshold
                0x0000000008005822       0x7c Drivers/STM32L4xx_HAL_Driver/Src/stm32l4xx_hal_uart_ex.o
                0x0000000008005822                HAL_UARTEx_SetRxFifoThreshold
 *fill*         0x000000000800589e        0x2 
 .text.UARTEx_SetNbDataToProcess
                0x00000000080058a0       0xd0 Drivers/STM32L4xx_HAL_Driver/Src/stm32l4xx_hal_uart_ex.o
 .text.__errno  0x0000000008005970        0xc c:/st/stm32cubeide_1.5.0/stm32cubeide/plugins/com.st.stm32cube.ide.mcu.externaltools.gnu-tools-for-stm32.7-2018-q2-update.win32_1.5.0.202011040924/tools/bin/../lib/gcc/arm-none-eabi/7.3.1/../../../../arm-none-eabi/lib/thumb/v7e-m/fpv4-sp/hard\libc_nano.a(lib_a-errno.o)
                0x0000000008005970                __errno
 .text.__libc_init_array
                0x000000000800597c       0x48 c:/st/stm32cubeide_1.5.0/stm32cubeide/plugins/com.st.stm32cube.ide.mcu.externaltools.gnu-tools-for-stm32.7-2018-q2-update.win32_1.5.0.202011040924/tools/bin/../lib/gcc/arm-none-eabi/7.3.1/../../../../arm-none-eabi/lib/thumb/v7e-m/fpv4-sp/hard\libc_nano.a(lib_a-init.o)
                0x000000000800597c                __libc_init_array
 .text.memset   0x00000000080059c4       0x10 c:/st/stm32cubeide_1.5.0/stm32cubeide/plugins/com.st.stm32cube.ide.mcu.externaltools.gnu-tools-for-stm32.7-2018-q2-update.win32_1.5.0.202011040924/tools/bin/../lib/gcc/arm-none-eabi/7.3.1/../../../../arm-none-eabi/lib/thumb/v7e-m/fpv4-sp/hard\libc_nano.a(lib_a-memset.o)
                0x00000000080059c4                memset
 .text.printf   0x00000000080059d4       0x30 c:/st/stm32cubeide_1.5.0/stm32cubeide/plugins/com.st.stm32cube.ide.mcu.externaltools.gnu-tools-for-stm32.7-2018-q2-update.win32_1.5.0.202011040924/tools/bin/../lib/gcc/arm-none-eabi/7.3.1/../../../../arm-none-eabi/lib/thumb/v7e-m/fpv4-sp/hard\libc_nano.a(lib_a-printf.o)
                0x00000000080059d4                iprintf
                0x00000000080059d4                printf
 .text.std      0x0000000008005a04       0x48 c:/st/stm32cubeide_1.5.0/stm32cubeide/plugins/com.st.stm32cube.ide.mcu.externaltools.gnu-tools-for-stm32.7-2018-q2-update.win32_1.5.0.202011040924/tools/bin/../lib/gcc/arm-none-eabi/7.3.1/../../../../arm-none-eabi/lib/thumb/v7e-m/fpv4-sp/hard\libc_nano.a(lib_a-findfp.o)
 .text._cleanup_r
                0x0000000008005a4c        0xc c:/st/stm32cubeide_1.5.0/stm32cubeide/plugins/com.st.stm32cube.ide.mcu.externaltools.gnu-tools-for-stm32.7-2018-q2-update.win32_1.5.0.202011040924/tools/bin/../lib/gcc/arm-none-eabi/7.3.1/../../../../arm-none-eabi/lib/thumb/v7e-m/fpv4-sp/hard\libc_nano.a(lib_a-findfp.o)
                0x0000000008005a4c                _cleanup_r
 .text.__sfmoreglue
                0x0000000008005a58       0x2c c:/st/stm32cubeide_1.5.0/stm32cubeide/plugins/com.st.stm32cube.ide.mcu.externaltools.gnu-tools-for-stm32.7-2018-q2-update.win32_1.5.0.202011040924/tools/bin/../lib/gcc/arm-none-eabi/7.3.1/../../../../arm-none-eabi/lib/thumb/v7e-m/fpv4-sp/hard\libc_nano.a(lib_a-findfp.o)
                0x0000000008005a58                __sfmoreglue
 .text.__sinit  0x0000000008005a84       0x60 c:/st/stm32cubeide_1.5.0/stm32cubeide/plugins/com.st.stm32cube.ide.mcu.externaltools.gnu-tools-for-stm32.7-2018-q2-update.win32_1.5.0.202011040924/tools/bin/../lib/gcc/arm-none-eabi/7.3.1/../../../../arm-none-eabi/lib/thumb/v7e-m/fpv4-sp/hard\libc_nano.a(lib_a-findfp.o)
                0x0000000008005a84                __sinit
 .text.__sfp    0x0000000008005ae4       0x78 c:/st/stm32cubeide_1.5.0/stm32cubeide/plugins/com.st.stm32cube.ide.mcu.externaltools.gnu-tools-for-stm32.7-2018-q2-update.win32_1.5.0.202011040924/tools/bin/../lib/gcc/arm-none-eabi/7.3.1/../../../../arm-none-eabi/lib/thumb/v7e-m/fpv4-sp/hard\libc_nano.a(lib_a-findfp.o)
                0x0000000008005ae4                __sfp
 .text._fwalk_reent
                0x0000000008005b5c       0x3c c:/st/stm32cubeide_1.5.0/stm32cubeide/plugins/com.st.stm32cube.ide.mcu.externaltools.gnu-tools-for-stm32.7-2018-q2-update.win32_1.5.0.202011040924/tools/bin/../lib/gcc/arm-none-eabi/7.3.1/../../../../arm-none-eabi/lib/thumb/v7e-m/fpv4-sp/hard\libc_nano.a(lib_a-fwalk.o)
                0x0000000008005b5c                _fwalk_reent
 .text._malloc_r
                0x0000000008005b98       0xb4 c:/st/stm32cubeide_1.5.0/stm32cubeide/plugins/com.st.stm32cube.ide.mcu.externaltools.gnu-tools-for-stm32.7-2018-q2-update.win32_1.5.0.202011040924/tools/bin/../lib/gcc/arm-none-eabi/7.3.1/../../../../arm-none-eabi/lib/thumb/v7e-m/fpv4-sp/hard\libc_nano.a(lib_a-nano-mallocr.o)
                0x0000000008005b98                _malloc_r
 .text.__sfputc_r
                0x0000000008005c4c       0x2e c:/st/stm32cubeide_1.5.0/stm32cubeide/plugins/com.st.stm32cube.ide.mcu.externaltools.gnu-tools-for-stm32.7-2018-q2-update.win32_1.5.0.202011040924/tools/bin/../lib/gcc/arm-none-eabi/7.3.1/../../../../arm-none-eabi/lib/thumb/v7e-m/fpv4-sp/hard\libc_nano.a(lib_a-nano-vfprintf.o)
 .text.__sfputs_r
                0x0000000008005c7a       0x24 c:/st/stm32cubeide_1.5.0/stm32cubeide/plugins/com.st.stm32cube.ide.mcu.externaltools.gnu-tools-for-stm32.7-2018-q2-update.win32_1.5.0.202011040924/tools/bin/../lib/gcc/arm-none-eabi/7.3.1/../../../../arm-none-eabi/lib/thumb/v7e-m/fpv4-sp/hard\libc_nano.a(lib_a-nano-vfprintf.o)
                0x0000000008005c7a                __sfputs_r
 *fill*         0x0000000008005c9e        0x2 
 .text._vfprintf_r
                0x0000000008005ca0      0x22c c:/st/stm32cubeide_1.5.0/stm32cubeide/plugins/com.st.stm32cube.ide.mcu.externaltools.gnu-tools-for-stm32.7-2018-q2-update.win32_1.5.0.202011040924/tools/bin/../lib/gcc/arm-none-eabi/7.3.1/../../../../arm-none-eabi/lib/thumb/v7e-m/fpv4-sp/hard\libc_nano.a(lib_a-nano-vfprintf.o)
                0x0000000008005ca0                _vfprintf_r
                0x0000000008005ca0                _vfiprintf_r
 .text._printf_common
                0x0000000008005ecc       0xea c:/st/stm32cubeide_1.5.0/stm32cubeide/plugins/com.st.stm32cube.ide.mcu.externaltools.gnu-tools-for-stm32.7-2018-q2-update.win32_1.5.0.202011040924/tools/bin/../lib/gcc/arm-none-eabi/7.3.1/../../../../arm-none-eabi/lib/thumb/v7e-m/fpv4-sp/hard\libc_nano.a(lib_a-nano-vfprintf_i.o)
                0x0000000008005ecc                _printf_common
 *fill*         0x0000000008005fb6        0x2 
 .text._printf_i
                0x0000000008005fb8      0x224 c:/st/stm32cubeide_1.5.0/stm32cubeide/plugins/com.st.stm32cube.ide.mcu.externaltools.gnu-tools-for-stm32.7-2018-q2-update.win32_1.5.0.202011040924/tools/bin/../lib/gcc/arm-none-eabi/7.3.1/../../../../arm-none-eabi/lib/thumb/v7e-m/fpv4-sp/hard\libc_nano.a(lib_a-nano-vfprintf_i.o)
                0x0000000008005fb8                _printf_i
 .text._sbrk_r  0x00000000080061dc       0x20 c:/st/stm32cubeide_1.5.0/stm32cubeide/plugins/com.st.stm32cube.ide.mcu.externaltools.gnu-tools-for-stm32.7-2018-q2-update.win32_1.5.0.202011040924/tools/bin/../lib/gcc/arm-none-eabi/7.3.1/../../../../arm-none-eabi/lib/thumb/v7e-m/fpv4-sp/hard\libc_nano.a(lib_a-sbrkr.o)
                0x00000000080061dc                _sbrk_r
 .text.__sread  0x00000000080061fc       0x22 c:/st/stm32cubeide_1.5.0/stm32cubeide/plugins/com.st.stm32cube.ide.mcu.externaltools.gnu-tools-for-stm32.7-2018-q2-update.win32_1.5.0.202011040924/tools/bin/../lib/gcc/arm-none-eabi/7.3.1/../../../../arm-none-eabi/lib/thumb/v7e-m/fpv4-sp/hard\libc_nano.a(lib_a-stdio.o)
                0x00000000080061fc                __sread
 .text.__swrite
                0x000000000800621e       0x38 c:/st/stm32cubeide_1.5.0/stm32cubeide/plugins/com.st.stm32cube.ide.mcu.externaltools.gnu-tools-for-stm32.7-2018-q2-update.win32_1.5.0.202011040924/tools/bin/../lib/gcc/arm-none-eabi/7.3.1/../../../../arm-none-eabi/lib/thumb/v7e-m/fpv4-sp/hard\libc_nano.a(lib_a-stdio.o)
                0x000000000800621e                __swrite
 .text.__sseek  0x0000000008006256       0x24 c:/st/stm32cubeide_1.5.0/stm32cubeide/plugins/com.st.stm32cube.ide.mcu.externaltools.gnu-tools-for-stm32.7-2018-q2-update.win32_1.5.0.202011040924/tools/bin/../lib/gcc/arm-none-eabi/7.3.1/../../../../arm-none-eabi/lib/thumb/v7e-m/fpv4-sp/hard\libc_nano.a(lib_a-stdio.o)
                0x0000000008006256                __sseek
 .text.__sclose
                0x000000000800627a        0x8 c:/st/stm32cubeide_1.5.0/stm32cubeide/plugins/com.st.stm32cube.ide.mcu.externaltools.gnu-tools-for-stm32.7-2018-q2-update.win32_1.5.0.202011040924/tools/bin/../lib/gcc/arm-none-eabi/7.3.1/../../../../arm-none-eabi/lib/thumb/v7e-m/fpv4-sp/hard\libc_nano.a(lib_a-stdio.o)
                0x000000000800627a                __sclose
 *fill*         0x0000000008006282        0x2 
 .text.__swbuf_r
                0x0000000008006284       0xa4 c:/st/stm32cubeide_1.5.0/stm32cubeide/plugins/com.st.stm32cube.ide.mcu.externaltools.gnu-tools-for-stm32.7-2018-q2-update.win32_1.5.0.202011040924/tools/bin/../lib/gcc/arm-none-eabi/7.3.1/../../../../arm-none-eabi/lib/thumb/v7e-m/fpv4-sp/hard\libc_nano.a(lib_a-wbuf.o)
                0x0000000008006284                __swbuf_r
 .text._write_r
                0x0000000008006328       0x24 c:/st/stm32cubeide_1.5.0/stm32cubeide/plugins/com.st.stm32cube.ide.mcu.externaltools.gnu-tools-for-stm32.7-2018-q2-update.win32_1.5.0.202011040924/tools/bin/../lib/gcc/arm-none-eabi/7.3.1/../../../../arm-none-eabi/lib/thumb/v7e-m/fpv4-sp/hard\libc_nano.a(lib_a-writer.o)
                0x0000000008006328                _write_r
 .text.__swsetup_r
                0x000000000800634c       0xdc c:/st/stm32cubeide_1.5.0/stm32cubeide/plugins/com.st.stm32cube.ide.mcu.externaltools.gnu-tools-for-stm32.7-2018-q2-update.win32_1.5.0.202011040924/tools/bin/../lib/gcc/arm-none-eabi/7.3.1/../../../../arm-none-eabi/lib/thumb/v7e-m/fpv4-sp/hard\libc_nano.a(lib_a-wsetup.o)
                0x000000000800634c                __swsetup_r
 .text._close_r
                0x0000000008006428       0x20 c:/st/stm32cubeide_1.5.0/stm32cubeide/plugins/com.st.stm32cube.ide.mcu.externaltools.gnu-tools-for-stm32.7-2018-q2-update.win32_1.5.0.202011040924/tools/bin/../lib/gcc/arm-none-eabi/7.3.1/../../../../arm-none-eabi/lib/thumb/v7e-m/fpv4-sp/hard\libc_nano.a(lib_a-closer.o)
                0x0000000008006428                _close_r
 .text.__sflush_r
                0x0000000008006448      0x10c c:/st/stm32cubeide_1.5.0/stm32cubeide/plugins/com.st.stm32cube.ide.mcu.externaltools.gnu-tools-for-stm32.7-2018-q2-update.win32_1.5.0.202011040924/tools/bin/../lib/gcc/arm-none-eabi/7.3.1/../../../../arm-none-eabi/lib/thumb/v7e-m/fpv4-sp/hard\libc_nano.a(lib_a-fflush.o)
                0x0000000008006448                __sflush_r
 .text._fflush_r
                0x0000000008006554       0x54 c:/st/stm32cubeide_1.5.0/stm32cubeide/plugins/com.st.stm32cube.ide.mcu.externaltools.gnu-tools-for-stm32.7-2018-q2-update.win32_1.5.0.202011040924/tools/bin/../lib/gcc/arm-none-eabi/7.3.1/../../../../arm-none-eabi/lib/thumb/v7e-m/fpv4-sp/hard\libc_nano.a(lib_a-fflush.o)
                0x0000000008006554                _fflush_r
 .text._lseek_r
                0x00000000080065a8       0x24 c:/st/stm32cubeide_1.5.0/stm32cubeide/plugins/com.st.stm32cube.ide.mcu.externaltools.gnu-tools-for-stm32.7-2018-q2-update.win32_1.5.0.202011040924/tools/bin/../lib/gcc/arm-none-eabi/7.3.1/../../../../arm-none-eabi/lib/thumb/v7e-m/fpv4-sp/hard\libc_nano.a(lib_a-lseekr.o)
                0x00000000080065a8                _lseek_r
 .text.__swhatbuf_r
                0x00000000080065cc       0x48 c:/st/stm32cubeide_1.5.0/stm32cubeide/plugins/com.st.stm32cube.ide.mcu.externaltools.gnu-tools-for-stm32.7-2018-q2-update.win32_1.5.0.202011040924/tools/bin/../lib/gcc/arm-none-eabi/7.3.1/../../../../arm-none-eabi/lib/thumb/v7e-m/fpv4-sp/hard\libc_nano.a(lib_a-makebuf.o)
                0x00000000080065cc                __swhatbuf_r
 .text.__smakebuf_r
                0x0000000008006614       0x80 c:/st/stm32cubeide_1.5.0/stm32cubeide/plugins/com.st.stm32cube.ide.mcu.externaltools.gnu-tools-for-stm32.7-2018-q2-update.win32_1.5.0.202011040924/tools/bin/../lib/gcc/arm-none-eabi/7.3.1/../../../../arm-none-eabi/lib/thumb/v7e-m/fpv4-sp/hard\libc_nano.a(lib_a-makebuf.o)
                0x0000000008006614                __smakebuf_r
 .text.__malloc_lock
                0x0000000008006694        0x2 c:/st/stm32cubeide_1.5.0/stm32cubeide/plugins/com.st.stm32cube.ide.mcu.externaltools.gnu-tools-for-stm32.7-2018-q2-update.win32_1.5.0.202011040924/tools/bin/../lib/gcc/arm-none-eabi/7.3.1/../../../../arm-none-eabi/lib/thumb/v7e-m/fpv4-sp/hard\libc_nano.a(lib_a-mlock.o)
                0x0000000008006694                __malloc_lock
 .text.__malloc_unlock
                0x0000000008006696        0x2 c:/st/stm32cubeide_1.5.0/stm32cubeide/plugins/com.st.stm32cube.ide.mcu.externaltools.gnu-tools-for-stm32.7-2018-q2-update.win32_1.5.0.202011040924/tools/bin/../lib/gcc/arm-none-eabi/7.3.1/../../../../arm-none-eabi/lib/thumb/v7e-m/fpv4-sp/hard\libc_nano.a(lib_a-mlock.o)
                0x0000000008006696                __malloc_unlock
 .text._free_r  0x0000000008006698       0x9c c:/st/stm32cubeide_1.5.0/stm32cubeide/plugins/com.st.stm32cube.ide.mcu.externaltools.gnu-tools-for-stm32.7-2018-q2-update.win32_1.5.0.202011040924/tools/bin/../lib/gcc/arm-none-eabi/7.3.1/../../../../arm-none-eabi/lib/thumb/v7e-m/fpv4-sp/hard\libc_nano.a(lib_a-nano-freer.o)
                0x0000000008006698                _free_r
 .text._read_r  0x0000000008006734       0x24 c:/st/stm32cubeide_1.5.0/stm32cubeide/plugins/com.st.stm32cube.ide.mcu.externaltools.gnu-tools-for-stm32.7-2018-q2-update.win32_1.5.0.202011040924/tools/bin/../lib/gcc/arm-none-eabi/7.3.1/../../../../arm-none-eabi/lib/thumb/v7e-m/fpv4-sp/hard\libc_nano.a(lib_a-readr.o)
                0x0000000008006734                _read_r
 .text._fstat_r
                0x0000000008006758       0x24 c:/st/stm32cubeide_1.5.0/stm32cubeide/plugins/com.st.stm32cube.ide.mcu.externaltools.gnu-tools-for-stm32.7-2018-q2-update.win32_1.5.0.202011040924/tools/bin/../lib/gcc/arm-none-eabi/7.3.1/../../../../arm-none-eabi/lib/thumb/v7e-m/fpv4-sp/hard\libc_nano.a(lib_a-fstatr.o)
                0x0000000008006758                _fstat_r
 .text._isatty_r
                0x000000000800677c       0x20 c:/st/stm32cubeide_1.5.0/stm32cubeide/plugins/com.st.stm32cube.ide.mcu.externaltools.gnu-tools-for-stm32.7-2018-q2-update.win32_1.5.0.202011040924/tools/bin/../lib/gcc/arm-none-eabi/7.3.1/../../../../arm-none-eabi/lib/thumb/v7e-m/fpv4-sp/hard\libc_nano.a(lib_a-isattyr.o)
                0x000000000800677c                _isatty_r
 *(.glue_7)
 .glue_7        0x000000000800679c        0x0 linker stubs
 *(.glue_7t)
 .glue_7t       0x000000000800679c        0x0 linker stubs
 *(.eh_frame)
 .eh_frame      0x000000000800679c        0x0 c:/st/stm32cubeide_1.5.0/stm32cubeide/plugins/com.st.stm32cube.ide.mcu.externaltools.gnu-tools-for-stm32.7-2018-q2-update.win32_1.5.0.202011040924/tools/bin/../lib/gcc/arm-none-eabi/7.3.1/thumb/v7e-m/fpv4-sp/hard/crtbegin.o
 *(.init)
 .init          0x000000000800679c        0x4 c:/st/stm32cubeide_1.5.0/stm32cubeide/plugins/com.st.stm32cube.ide.mcu.externaltools.gnu-tools-for-stm32.7-2018-q2-update.win32_1.5.0.202011040924/tools/bin/../lib/gcc/arm-none-eabi/7.3.1/thumb/v7e-m/fpv4-sp/hard/crti.o
                0x000000000800679c                _init
 .init          0x00000000080067a0        0x8 c:/st/stm32cubeide_1.5.0/stm32cubeide/plugins/com.st.stm32cube.ide.mcu.externaltools.gnu-tools-for-stm32.7-2018-q2-update.win32_1.5.0.202011040924/tools/bin/../lib/gcc/arm-none-eabi/7.3.1/thumb/v7e-m/fpv4-sp/hard/crtn.o
 *(.fini)
 .fini          0x00000000080067a8        0x4 c:/st/stm32cubeide_1.5.0/stm32cubeide/plugins/com.st.stm32cube.ide.mcu.externaltools.gnu-tools-for-stm32.7-2018-q2-update.win32_1.5.0.202011040924/tools/bin/../lib/gcc/arm-none-eabi/7.3.1/thumb/v7e-m/fpv4-sp/hard/crti.o
                0x00000000080067a8                _fini
 .fini          0x00000000080067ac        0x8 c:/st/stm32cubeide_1.5.0/stm32cubeide/plugins/com.st.stm32cube.ide.mcu.externaltools.gnu-tools-for-stm32.7-2018-q2-update.win32_1.5.0.202011040924/tools/bin/../lib/gcc/arm-none-eabi/7.3.1/thumb/v7e-m/fpv4-sp/hard/crtn.o
                0x00000000080067b4                . = ALIGN (0x4)
                0x00000000080067b4                _etext = .

.vfp11_veneer   0x00000000080067b4        0x0
 .vfp11_veneer  0x00000000080067b4        0x0 linker stubs

.v4_bx          0x00000000080067b4        0x0
 .v4_bx         0x00000000080067b4        0x0 linker stubs

.iplt           0x00000000080067b4        0x0
 .iplt          0x00000000080067b4        0x0 c:/st/stm32cubeide_1.5.0/stm32cubeide/plugins/com.st.stm32cube.ide.mcu.externaltools.gnu-tools-for-stm32.7-2018-q2-update.win32_1.5.0.202011040924/tools/bin/../lib/gcc/arm-none-eabi/7.3.1/thumb/v7e-m/fpv4-sp/hard/crtbegin.o

.rodata         0x00000000080067b4      0x11c
                0x00000000080067b4                . = ALIGN (0x4)
 *(.rodata)
 .rodata        0x00000000080067b4       0x14 Core/Src/main.o
 .rodata        0x00000000080067c8       0x10 Drivers/STM32L4xx_HAL_Driver/Src/stm32l4xx_hal_uart_ex.o
 *(.rodata*)
 .rodata.AHBPrescTable
                0x00000000080067d8       0x10 Core/Src/system_stm32l4xx.o
                0x00000000080067d8                AHBPrescTable
 .rodata.APBPrescTable
                0x00000000080067e8        0x8 Core/Src/system_stm32l4xx.o
                0x00000000080067e8                APBPrescTable
 .rodata.MSIRangeTable
                0x00000000080067f0       0x30 Core/Src/system_stm32l4xx.o
                0x00000000080067f0                MSIRangeTable
 .rodata.UARTPrescTable
                0x0000000008006820       0x18 Drivers/STM32L4xx_HAL_Driver/Src/stm32l4xx_hal_uart.o
                0x0000000008006820                UARTPrescTable
 .rodata._global_impure_ptr
                0x0000000008006838        0x4 c:/st/stm32cubeide_1.5.0/stm32cubeide/plugins/com.st.stm32cube.ide.mcu.externaltools.gnu-tools-for-stm32.7-2018-q2-update.win32_1.5.0.202011040924/tools/bin/../lib/gcc/arm-none-eabi/7.3.1/../../../../arm-none-eabi/lib/thumb/v7e-m/fpv4-sp/hard\libc_nano.a(lib_a-impure.o)
                0x0000000008006838                _global_impure_ptr
 .rodata.__sf_fake_stderr
                0x000000000800683c       0x20 c:/st/stm32cubeide_1.5.0/stm32cubeide/plugins/com.st.stm32cube.ide.mcu.externaltools.gnu-tools-for-stm32.7-2018-q2-update.win32_1.5.0.202011040924/tools/bin/../lib/gcc/arm-none-eabi/7.3.1/../../../../arm-none-eabi/lib/thumb/v7e-m/fpv4-sp/hard\libc_nano.a(lib_a-findfp.o)
                0x000000000800683c                __sf_fake_stderr
 .rodata.__sf_fake_stdin
                0x000000000800685c       0x20 c:/st/stm32cubeide_1.5.0/stm32cubeide/plugins/com.st.stm32cube.ide.mcu.externaltools.gnu-tools-for-stm32.7-2018-q2-update.win32_1.5.0.202011040924/tools/bin/../lib/gcc/arm-none-eabi/7.3.1/../../../../arm-none-eabi/lib/thumb/v7e-m/fpv4-sp/hard\libc_nano.a(lib_a-findfp.o)
                0x000000000800685c                __sf_fake_stdin
 .rodata.__sf_fake_stdout
                0x000000000800687c       0x20 c:/st/stm32cubeide_1.5.0/stm32cubeide/plugins/com.st.stm32cube.ide.mcu.externaltools.gnu-tools-for-stm32.7-2018-q2-update.win32_1.5.0.202011040924/tools/bin/../lib/gcc/arm-none-eabi/7.3.1/../../../../arm-none-eabi/lib/thumb/v7e-m/fpv4-sp/hard\libc_nano.a(lib_a-findfp.o)
                0x000000000800687c                __sf_fake_stdout
 .rodata._vfprintf_r.str1.1
                0x000000000800689c       0x11 c:/st/stm32cubeide_1.5.0/stm32cubeide/plugins/com.st.stm32cube.ide.mcu.externaltools.gnu-tools-for-stm32.7-2018-q2-update.win32_1.5.0.202011040924/tools/bin/../lib/gcc/arm-none-eabi/7.3.1/../../../../arm-none-eabi/lib/thumb/v7e-m/fpv4-sp/hard\libc_nano.a(lib_a-nano-vfprintf.o)
 .rodata._printf_i.str1.1
                0x00000000080068ad       0x22 c:/st/stm32cubeide_1.5.0/stm32cubeide/plugins/com.st.stm32cube.ide.mcu.externaltools.gnu-tools-for-stm32.7-2018-q2-update.win32_1.5.0.202011040924/tools/bin/../lib/gcc/arm-none-eabi/7.3.1/../../../../arm-none-eabi/lib/thumb/v7e-m/fpv4-sp/hard\libc_nano.a(lib_a-nano-vfprintf_i.o)
                0x00000000080068d0                . = ALIGN (0x4)
 *fill*         0x00000000080068cf        0x1 

.ARM.extab      0x00000000080068d0        0x0
                0x00000000080068d0                . = ALIGN (0x4)
 *(.ARM.extab* .gnu.linkonce.armextab.*)
                0x00000000080068d0                . = ALIGN (0x4)

.ARM            0x00000000080068d0        0x8
                0x00000000080068d0                . = ALIGN (0x4)
                0x00000000080068d0                __exidx_start = .
 *(.ARM.exidx*)
 .ARM.exidx     0x00000000080068d0        0x8 c:/st/stm32cubeide_1.5.0/stm32cubeide/plugins/com.st.stm32cube.ide.mcu.externaltools.gnu-tools-for-stm32.7-2018-q2-update.win32_1.5.0.202011040924/tools/bin/../lib/gcc/arm-none-eabi/7.3.1/thumb/v7e-m/fpv4-sp/hard\libgcc.a(_udivmoddi4.o)
                0x00000000080068d8                __exidx_end = .
                0x00000000080068d8                . = ALIGN (0x4)

.rel.dyn        0x00000000080068d8        0x0
 .rel.iplt      0x00000000080068d8        0x0 c:/st/stm32cubeide_1.5.0/stm32cubeide/plugins/com.st.stm32cube.ide.mcu.externaltools.gnu-tools-for-stm32.7-2018-q2-update.win32_1.5.0.202011040924/tools/bin/../lib/gcc/arm-none-eabi/7.3.1/thumb/v7e-m/fpv4-sp/hard/crtbegin.o

.preinit_array  0x00000000080068d8        0x0
                0x00000000080068d8                . = ALIGN (0x4)
                0x00000000080068d8                PROVIDE (__preinit_array_start = .)
 *(.preinit_array*)
                0x00000000080068d8                PROVIDE (__preinit_array_end = .)
                0x00000000080068d8                . = ALIGN (0x4)

.init_array     0x00000000080068d8        0x4
                0x00000000080068d8                . = ALIGN (0x4)
                0x00000000080068d8                PROVIDE (__init_array_start = .)
 *(SORT_BY_NAME(.init_array.*))
 *(.init_array*)
 .init_array    0x00000000080068d8        0x4 c:/st/stm32cubeide_1.5.0/stm32cubeide/plugins/com.st.stm32cube.ide.mcu.externaltools.gnu-tools-for-stm32.7-2018-q2-update.win32_1.5.0.202011040924/tools/bin/../lib/gcc/arm-none-eabi/7.3.1/thumb/v7e-m/fpv4-sp/hard/crtbegin.o
                0x00000000080068dc                PROVIDE (__init_array_end = .)
                0x00000000080068dc                . = ALIGN (0x4)

.fini_array     0x00000000080068dc        0x4
                0x00000000080068dc                . = ALIGN (0x4)
                [!provide]                        PROVIDE (__fini_array_start = .)
 *(SORT_BY_NAME(.fini_array.*))
 *(.fini_array*)
 .fini_array    0x00000000080068dc        0x4 c:/st/stm32cubeide_1.5.0/stm32cubeide/plugins/com.st.stm32cube.ide.mcu.externaltools.gnu-tools-for-stm32.7-2018-q2-update.win32_1.5.0.202011040924/tools/bin/../lib/gcc/arm-none-eabi/7.3.1/thumb/v7e-m/fpv4-sp/hard/crtbegin.o
                [!provide]                        PROVIDE (__fini_array_end = .)
                0x00000000080068e0                . = ALIGN (0x4)
                0x00000000080068e0                _sidata = LOADADDR (.data)

.data           0x0000000020000000       0x70 load address 0x00000000080068e0
                0x0000000020000000                . = ALIGN (0x4)
                0x0000000020000000                _sdata = .
 *(.data)
 *(.data*)
 .data.SystemCoreClock
                0x0000000020000000        0x4 Core/Src/system_stm32l4xx.o
                0x0000000020000000                SystemCoreClock
 .data.uwTickPrio
                0x0000000020000004        0x4 Drivers/STM32L4xx_HAL_Driver/Src/stm32l4xx_hal.o
                0x0000000020000004                uwTickPrio
 .data.uwTickFreq
                0x0000000020000008        0x1 Drivers/STM32L4xx_HAL_Driver/Src/stm32l4xx_hal.o
                0x0000000020000008                uwTickFreq
 *fill*         0x0000000020000009        0x3 
 .data._impure_ptr
                0x000000002000000c        0x4 c:/st/stm32cubeide_1.5.0/stm32cubeide/plugins/com.st.stm32cube.ide.mcu.externaltools.gnu-tools-for-stm32.7-2018-q2-update.win32_1.5.0.202011040924/tools/bin/../lib/gcc/arm-none-eabi/7.3.1/../../../../arm-none-eabi/lib/thumb/v7e-m/fpv4-sp/hard\libc_nano.a(lib_a-impure.o)
                0x000000002000000c                _impure_ptr
 .data.impure_data
                0x0000000020000010       0x60 c:/st/stm32cubeide_1.5.0/stm32cubeide/plugins/com.st.stm32cube.ide.mcu.externaltools.gnu-tools-for-stm32.7-2018-q2-update.win32_1.5.0.202011040924/tools/bin/../lib/gcc/arm-none-eabi/7.3.1/../../../../arm-none-eabi/lib/thumb/v7e-m/fpv4-sp/hard\libc_nano.a(lib_a-impure.o)
 *(.RamFunc)
 *(.RamFunc*)
                0x0000000020000070                . = ALIGN (0x4)
                0x0000000020000070                _edata = .

.igot.plt       0x0000000020000070        0x0 load address 0x0000000008006950
 .igot.plt      0x0000000020000070        0x0 c:/st/stm32cubeide_1.5.0/stm32cubeide/plugins/com.st.stm32cube.ide.mcu.externaltools.gnu-tools-for-stm32.7-2018-q2-update.win32_1.5.0.202011040924/tools/bin/../lib/gcc/arm-none-eabi/7.3.1/thumb/v7e-m/fpv4-sp/hard/crtbegin.o
                0x0000000020000070                . = ALIGN (0x4)

.bss            0x0000000020000070      0x140 load address 0x0000000008006950
                0x0000000020000070                _sbss = .
                0x0000000020000070                __bss_start__ = _sbss
 *(.bss)
 .bss           0x0000000020000070       0x1c c:/st/stm32cubeide_1.5.0/stm32cubeide/plugins/com.st.stm32cube.ide.mcu.externaltools.gnu-tools-for-stm32.7-2018-q2-update.win32_1.5.0.202011040924/tools/bin/../lib/gcc/arm-none-eabi/7.3.1/thumb/v7e-m/fpv4-sp/hard/crtbegin.o
 *(.bss*)
 .bss.I2C2InitCounter
                0x000000002000008c        0x4 Core/Src/custom_bus.o
 .bss.__sbrk_heap_end
                0x0000000020000090        0x4 Core/Src/sysmem.o
 .bss.__malloc_free_list
                0x0000000020000094        0x4 c:/st/stm32cubeide_1.5.0/stm32cubeide/plugins/com.st.stm32cube.ide.mcu.externaltools.gnu-tools-for-stm32.7-2018-q2-update.win32_1.5.0.202011040924/tools/bin/../lib/gcc/arm-none-eabi/7.3.1/../../../../arm-none-eabi/lib/thumb/v7e-m/fpv4-sp/hard\libc_nano.a(lib_a-nano-mallocr.o)
                0x0000000020000094                __malloc_free_list
 .bss.__malloc_sbrk_start
                0x0000000020000098        0x4 c:/st/stm32cubeide_1.5.0/stm32cubeide/plugins/com.st.stm32cube.ide.mcu.externaltools.gnu-tools-for-stm32.7-2018-q2-update.win32_1.5.0.202011040924/tools/bin/../lib/gcc/arm-none-eabi/7.3.1/../../../../arm-none-eabi/lib/thumb/v7e-m/fpv4-sp/hard\libc_nano.a(lib_a-nano-mallocr.o)
                0x0000000020000098                __malloc_sbrk_start
 *(COMMON)
 COMMON         0x000000002000009c       0x4c Core/Src/custom_bus.o
                0x000000002000009c                hi2c2
 COMMON         0x00000000200000e8       0xc0 Core/Src/main.o
                0x00000000200000e8                dataRdyIntReceived
                0x00000000200000ec                MotionSensor
                0x000000002000011c                huart1
 COMMON         0x00000000200001a8        0x4 Drivers/STM32L4xx_HAL_Driver/Src/stm32l4xx_hal.o
                0x00000000200001a8                uwTick
 COMMON         0x00000000200001ac        0x4 c:/st/stm32cubeide_1.5.0/stm32cubeide/plugins/com.st.stm32cube.ide.mcu.externaltools.gnu-tools-for-stm32.7-2018-q2-update.win32_1.5.0.202011040924/tools/bin/../lib/gcc/arm-none-eabi/7.3.1/../../../../arm-none-eabi/lib/thumb/v7e-m/fpv4-sp/hard\libc_nano.a(lib_a-reent.o)
                0x00000000200001ac                errno
                0x00000000200001b0                . = ALIGN (0x4)
                0x00000000200001b0                _ebss = .
                0x00000000200001b0                __bss_end__ = _ebss

._user_heap_stack
                0x00000000200001b0      0x600 load address 0x0000000008006950
                0x00000000200001b0                . = ALIGN (0x8)
                [!provide]                        PROVIDE (end = .)
                0x00000000200001b0                PROVIDE (_end = .)
                0x00000000200003b0                . = (. + _Min_Heap_Size)
 *fill*         0x00000000200001b0      0x200 
                0x00000000200007b0                . = (. + _Min_Stack_Size)
 *fill*         0x00000000200003b0      0x400 
                0x00000000200007b0                . = ALIGN (0x8)

/DISCARD/
 libc.a(*)
 libm.a(*)
 libgcc.a(*)

.ARM.attributes
                0x0000000000000000       0x30
 *(.ARM.attributes)
 .ARM.attributes
                0x0000000000000000       0x22 c:/st/stm32cubeide_1.5.0/stm32cubeide/plugins/com.st.stm32cube.ide.mcu.externaltools.gnu-tools-for-stm32.7-2018-q2-update.win32_1.5.0.202011040924/tools/bin/../lib/gcc/arm-none-eabi/7.3.1/thumb/v7e-m/fpv4-sp/hard/crti.o
 .ARM.attributes
                0x0000000000000022       0x34 c:/st/stm32cubeide_1.5.0/stm32cubeide/plugins/com.st.stm32cube.ide.mcu.externaltools.gnu-tools-for-stm32.7-2018-q2-update.win32_1.5.0.202011040924/tools/bin/../lib/gcc/arm-none-eabi/7.3.1/thumb/v7e-m/fpv4-sp/hard/crtbegin.o
 .ARM.attributes
                0x0000000000000056       0x39 Core/Src/custom_bus.o
 .ARM.attributes
                0x000000000000008f       0x39 Core/Src/main.o
 .ARM.attributes
                0x00000000000000c8       0x39 Core/Src/stm32l4xx_hal_msp.o
 .ARM.attributes
                0x0000000000000101       0x39 Core/Src/stm32l4xx_it.o
 .ARM.attributes
                0x000000000000013a       0x39 Core/Src/syscalls.o
 .ARM.attributes
                0x0000000000000173       0x39 Core/Src/sysmem.o
 .ARM.attributes
                0x00000000000001ac       0x39 Core/Src/system_stm32l4xx.o
 .ARM.attributes
                0x00000000000001e5       0x21 Core/Startup/startup_stm32l4s5vitx.o
 .ARM.attributes
                0x0000000000000206       0x39 Drivers/BSP/Components/lsm6dsl/lsm6dsl.o
 .ARM.attributes
                0x000000000000023f       0x39 Drivers/BSP/Components/lsm6dsl/lsm6dsl_reg.o
 .ARM.attributes
                0x0000000000000278       0x39 Drivers/STM32L4xx_HAL_Driver/Src/stm32l4xx_hal.o
 .ARM.attributes
                0x00000000000002b1       0x39 Drivers/STM32L4xx_HAL_Driver/Src/stm32l4xx_hal_cortex.o
 .ARM.attributes
                0x00000000000002ea       0x39 Drivers/STM32L4xx_HAL_Driver/Src/stm32l4xx_hal_gpio.o
 .ARM.attributes
                0x0000000000000323       0x39 Drivers/STM32L4xx_HAL_Driver/Src/stm32l4xx_hal_i2c.o
 .ARM.attributes
                0x000000000000035c       0x39 Drivers/STM32L4xx_HAL_Driver/Src/stm32l4xx_hal_i2c_ex.o
 .ARM.attributes
                0x0000000000000395       0x39 Drivers/STM32L4xx_HAL_Driver/Src/stm32l4xx_hal_pwr_ex.o
 .ARM.attributes
                0x00000000000003ce       0x39 Drivers/STM32L4xx_HAL_Driver/Src/stm32l4xx_hal_rcc.o
 .ARM.attributes
                0x0000000000000407       0x39 Drivers/STM32L4xx_HAL_Driver/Src/stm32l4xx_hal_rcc_ex.o
 .ARM.attributes
                0x0000000000000440       0x39 Drivers/STM32L4xx_HAL_Driver/Src/stm32l4xx_hal_uart.o
 .ARM.attributes
                0x0000000000000479       0x39 Drivers/STM32L4xx_HAL_Driver/Src/stm32l4xx_hal_uart_ex.o
 .ARM.attributes
                0x00000000000004b2       0x34 c:/st/stm32cubeide_1.5.0/stm32cubeide/plugins/com.st.stm32cube.ide.mcu.externaltools.gnu-tools-for-stm32.7-2018-q2-update.win32_1.5.0.202011040924/tools/bin/../lib/gcc/arm-none-eabi/7.3.1/../../../../arm-none-eabi/lib/thumb/v7e-m/fpv4-sp/hard\libc_nano.a(lib_a-errno.o)
 .ARM.attributes
                0x00000000000004e6       0x34 c:/st/stm32cubeide_1.5.0/stm32cubeide/plugins/com.st.stm32cube.ide.mcu.externaltools.gnu-tools-for-stm32.7-2018-q2-update.win32_1.5.0.202011040924/tools/bin/../lib/gcc/arm-none-eabi/7.3.1/../../../../arm-none-eabi/lib/thumb/v7e-m/fpv4-sp/hard\libc_nano.a(lib_a-impure.o)
 .ARM.attributes
                0x000000000000051a       0x34 c:/st/stm32cubeide_1.5.0/stm32cubeide/plugins/com.st.stm32cube.ide.mcu.externaltools.gnu-tools-for-stm32.7-2018-q2-update.win32_1.5.0.202011040924/tools/bin/../lib/gcc/arm-none-eabi/7.3.1/../../../../arm-none-eabi/lib/thumb/v7e-m/fpv4-sp/hard\libc_nano.a(lib_a-init.o)
 .ARM.attributes
                0x000000000000054e       0x34 c:/st/stm32cubeide_1.5.0/stm32cubeide/plugins/com.st.stm32cube.ide.mcu.externaltools.gnu-tools-for-stm32.7-2018-q2-update.win32_1.5.0.202011040924/tools/bin/../lib/gcc/arm-none-eabi/7.3.1/../../../../arm-none-eabi/lib/thumb/v7e-m/fpv4-sp/hard\libc_nano.a(lib_a-memset.o)
 .ARM.attributes
                0x0000000000000582       0x34 c:/st/stm32cubeide_1.5.0/stm32cubeide/plugins/com.st.stm32cube.ide.mcu.externaltools.gnu-tools-for-stm32.7-2018-q2-update.win32_1.5.0.202011040924/tools/bin/../lib/gcc/arm-none-eabi/7.3.1/../../../../arm-none-eabi/lib/thumb/v7e-m/fpv4-sp/hard\libc_nano.a(lib_a-printf.o)
 .ARM.attributes
                0x00000000000005b6       0x34 c:/st/stm32cubeide_1.5.0/stm32cubeide/plugins/com.st.stm32cube.ide.mcu.externaltools.gnu-tools-for-stm32.7-2018-q2-update.win32_1.5.0.202011040924/tools/bin/../lib/gcc/arm-none-eabi/7.3.1/../../../../arm-none-eabi/lib/thumb/v7e-m/fpv4-sp/hard\libc_nano.a(lib_a-findfp.o)
 .ARM.attributes
                0x00000000000005ea       0x34 c:/st/stm32cubeide_1.5.0/stm32cubeide/plugins/com.st.stm32cube.ide.mcu.externaltools.gnu-tools-for-stm32.7-2018-q2-update.win32_1.5.0.202011040924/tools/bin/../lib/gcc/arm-none-eabi/7.3.1/../../../../arm-none-eabi/lib/thumb/v7e-m/fpv4-sp/hard\libc_nano.a(lib_a-fwalk.o)
 .ARM.attributes
                0x000000000000061e       0x34 c:/st/stm32cubeide_1.5.0/stm32cubeide/plugins/com.st.stm32cube.ide.mcu.externaltools.gnu-tools-for-stm32.7-2018-q2-update.win32_1.5.0.202011040924/tools/bin/../lib/gcc/arm-none-eabi/7.3.1/../../../../arm-none-eabi/lib/thumb/v7e-m/fpv4-sp/hard\libc_nano.a(lib_a-nano-mallocr.o)
 .ARM.attributes
                0x0000000000000652       0x34 c:/st/stm32cubeide_1.5.0/stm32cubeide/plugins/com.st.stm32cube.ide.mcu.externaltools.gnu-tools-for-stm32.7-2018-q2-update.win32_1.5.0.202011040924/tools/bin/../lib/gcc/arm-none-eabi/7.3.1/../../../../arm-none-eabi/lib/thumb/v7e-m/fpv4-sp/hard\libc_nano.a(lib_a-nano-vfprintf.o)
 .ARM.attributes
                0x0000000000000686       0x34 c:/st/stm32cubeide_1.5.0/stm32cubeide/plugins/com.st.stm32cube.ide.mcu.externaltools.gnu-tools-for-stm32.7-2018-q2-update.win32_1.5.0.202011040924/tools/bin/../lib/gcc/arm-none-eabi/7.3.1/../../../../arm-none-eabi/lib/thumb/v7e-m/fpv4-sp/hard\libc_nano.a(lib_a-nano-vfprintf_i.o)
 .ARM.attributes
                0x00000000000006ba       0x34 c:/st/stm32cubeide_1.5.0/stm32cubeide/plugins/com.st.stm32cube.ide.mcu.externaltools.gnu-tools-for-stm32.7-2018-q2-update.win32_1.5.0.202011040924/tools/bin/../lib/gcc/arm-none-eabi/7.3.1/../../../../arm-none-eabi/lib/thumb/v7e-m/fpv4-sp/hard\libc_nano.a(lib_a-sbrkr.o)
 .ARM.attributes
                0x00000000000006ee       0x34 c:/st/stm32cubeide_1.5.0/stm32cubeide/plugins/com.st.stm32cube.ide.mcu.externaltools.gnu-tools-for-stm32.7-2018-q2-update.win32_1.5.0.202011040924/tools/bin/../lib/gcc/arm-none-eabi/7.3.1/../../../../arm-none-eabi/lib/thumb/v7e-m/fpv4-sp/hard\libc_nano.a(lib_a-stdio.o)
 .ARM.attributes
                0x0000000000000722       0x34 c:/st/stm32cubeide_1.5.0/stm32cubeide/plugins/com.st.stm32cube.ide.mcu.externaltools.gnu-tools-for-stm32.7-2018-q2-update.win32_1.5.0.202011040924/tools/bin/../lib/gcc/arm-none-eabi/7.3.1/../../../../arm-none-eabi/lib/thumb/v7e-m/fpv4-sp/hard\libc_nano.a(lib_a-wbuf.o)
 .ARM.attributes
                0x0000000000000756       0x34 c:/st/stm32cubeide_1.5.0/stm32cubeide/plugins/com.st.stm32cube.ide.mcu.externaltools.gnu-tools-for-stm32.7-2018-q2-update.win32_1.5.0.202011040924/tools/bin/../lib/gcc/arm-none-eabi/7.3.1/../../../../arm-none-eabi/lib/thumb/v7e-m/fpv4-sp/hard\libc_nano.a(lib_a-writer.o)
 .ARM.attributes
                0x000000000000078a       0x34 c:/st/stm32cubeide_1.5.0/stm32cubeide/plugins/com.st.stm32cube.ide.mcu.externaltools.gnu-tools-for-stm32.7-2018-q2-update.win32_1.5.0.202011040924/tools/bin/../lib/gcc/arm-none-eabi/7.3.1/../../../../arm-none-eabi/lib/thumb/v7e-m/fpv4-sp/hard\libc_nano.a(lib_a-wsetup.o)
 .ARM.attributes
                0x00000000000007be       0x34 c:/st/stm32cubeide_1.5.0/stm32cubeide/plugins/com.st.stm32cube.ide.mcu.externaltools.gnu-tools-for-stm32.7-2018-q2-update.win32_1.5.0.202011040924/tools/bin/../lib/gcc/arm-none-eabi/7.3.1/../../../../arm-none-eabi/lib/thumb/v7e-m/fpv4-sp/hard\libc_nano.a(lib_a-closer.o)
 .ARM.attributes
                0x00000000000007f2       0x34 c:/st/stm32cubeide_1.5.0/stm32cubeide/plugins/com.st.stm32cube.ide.mcu.externaltools.gnu-tools-for-stm32.7-2018-q2-update.win32_1.5.0.202011040924/tools/bin/../lib/gcc/arm-none-eabi/7.3.1/../../../../arm-none-eabi/lib/thumb/v7e-m/fpv4-sp/hard\libc_nano.a(lib_a-fflush.o)
 .ARM.attributes
                0x0000000000000826       0x34 c:/st/stm32cubeide_1.5.0/stm32cubeide/plugins/com.st.stm32cube.ide.mcu.externaltools.gnu-tools-for-stm32.7-2018-q2-update.win32_1.5.0.202011040924/tools/bin/../lib/gcc/arm-none-eabi/7.3.1/../../../../arm-none-eabi/lib/thumb/v7e-m/fpv4-sp/hard\libc_nano.a(lib_a-lseekr.o)
 .ARM.attributes
                0x000000000000085a       0x34 c:/st/stm32cubeide_1.5.0/stm32cubeide/plugins/com.st.stm32cube.ide.mcu.externaltools.gnu-tools-for-stm32.7-2018-q2-update.win32_1.5.0.202011040924/tools/bin/../lib/gcc/arm-none-eabi/7.3.1/../../../../arm-none-eabi/lib/thumb/v7e-m/fpv4-sp/hard\libc_nano.a(lib_a-makebuf.o)
 .ARM.attributes
                0x000000000000088e       0x20 c:/st/stm32cubeide_1.5.0/stm32cubeide/plugins/com.st.stm32cube.ide.mcu.externaltools.gnu-tools-for-stm32.7-2018-q2-update.win32_1.5.0.202011040924/tools/bin/../lib/gcc/arm-none-eabi/7.3.1/../../../../arm-none-eabi/lib/thumb/v7e-m/fpv4-sp/hard\libc_nano.a(lib_a-memchr.o)
 .ARM.attributes
                0x00000000000008ae       0x34 c:/st/stm32cubeide_1.5.0/stm32cubeide/plugins/com.st.stm32cube.ide.mcu.externaltools.gnu-tools-for-stm32.7-2018-q2-update.win32_1.5.0.202011040924/tools/bin/../lib/gcc/arm-none-eabi/7.3.1/../../../../arm-none-eabi/lib/thumb/v7e-m/fpv4-sp/hard\libc_nano.a(lib_a-mlock.o)
 .ARM.attributes
                0x00000000000008e2       0x34 c:/st/stm32cubeide_1.5.0/stm32cubeide/plugins/com.st.stm32cube.ide.mcu.externaltools.gnu-tools-for-stm32.7-2018-q2-update.win32_1.5.0.202011040924/tools/bin/../lib/gcc/arm-none-eabi/7.3.1/../../../../arm-none-eabi/lib/thumb/v7e-m/fpv4-sp/hard\libc_nano.a(lib_a-nano-freer.o)
 .ARM.attributes
                0x0000000000000916       0x34 c:/st/stm32cubeide_1.5.0/stm32cubeide/plugins/com.st.stm32cube.ide.mcu.externaltools.gnu-tools-for-stm32.7-2018-q2-update.win32_1.5.0.202011040924/tools/bin/../lib/gcc/arm-none-eabi/7.3.1/../../../../arm-none-eabi/lib/thumb/v7e-m/fpv4-sp/hard\libc_nano.a(lib_a-readr.o)
 .ARM.attributes
                0x000000000000094a       0x34 c:/st/stm32cubeide_1.5.0/stm32cubeide/plugins/com.st.stm32cube.ide.mcu.externaltools.gnu-tools-for-stm32.7-2018-q2-update.win32_1.5.0.202011040924/tools/bin/../lib/gcc/arm-none-eabi/7.3.1/../../../../arm-none-eabi/lib/thumb/v7e-m/fpv4-sp/hard\libc_nano.a(lib_a-reent.o)
 .ARM.attributes
                0x000000000000097e       0x34 c:/st/stm32cubeide_1.5.0/stm32cubeide/plugins/com.st.stm32cube.ide.mcu.externaltools.gnu-tools-for-stm32.7-2018-q2-update.win32_1.5.0.202011040924/tools/bin/../lib/gcc/arm-none-eabi/7.3.1/../../../../arm-none-eabi/lib/thumb/v7e-m/fpv4-sp/hard\libc_nano.a(lib_a-fstatr.o)
 .ARM.attributes
                0x00000000000009b2       0x34 c:/st/stm32cubeide_1.5.0/stm32cubeide/plugins/com.st.stm32cube.ide.mcu.externaltools.gnu-tools-for-stm32.7-2018-q2-update.win32_1.5.0.202011040924/tools/bin/../lib/gcc/arm-none-eabi/7.3.1/../../../../arm-none-eabi/lib/thumb/v7e-m/fpv4-sp/hard\libc_nano.a(lib_a-isattyr.o)
 .ARM.attributes
                0x00000000000009e6       0x22 c:/st/stm32cubeide_1.5.0/stm32cubeide/plugins/com.st.stm32cube.ide.mcu.externaltools.gnu-tools-for-stm32.7-2018-q2-update.win32_1.5.0.202011040924/tools/bin/../lib/gcc/arm-none-eabi/7.3.1/thumb/v7e-m/fpv4-sp/hard\libgcc.a(_aeabi_uldivmod.o)
 .ARM.attributes
                0x0000000000000a08       0x34 c:/st/stm32cubeide_1.5.0/stm32cubeide/plugins/com.st.stm32cube.ide.mcu.externaltools.gnu-tools-for-stm32.7-2018-q2-update.win32_1.5.0.202011040924/tools/bin/../lib/gcc/arm-none-eabi/7.3.1/thumb/v7e-m/fpv4-sp/hard\libgcc.a(_udivmoddi4.o)
 .ARM.attributes
                0x0000000000000a3c       0x22 c:/st/stm32cubeide_1.5.0/stm32cubeide/plugins/com.st.stm32cube.ide.mcu.externaltools.gnu-tools-for-stm32.7-2018-q2-update.win32_1.5.0.202011040924/tools/bin/../lib/gcc/arm-none-eabi/7.3.1/thumb/v7e-m/fpv4-sp/hard\libgcc.a(_dvmd_tls.o)
 .ARM.attributes
                0x0000000000000a5e       0x22 c:/st/stm32cubeide_1.5.0/stm32cubeide/plugins/com.st.stm32cube.ide.mcu.externaltools.gnu-tools-for-stm32.7-2018-q2-update.win32_1.5.0.202011040924/tools/bin/../lib/gcc/arm-none-eabi/7.3.1/thumb/v7e-m/fpv4-sp/hard/crtn.o
OUTPUT(week2_lecture_practice.elf elf32-littlearm)

.debug_info     0x0000000000000000    0x1f273
 .debug_info    0x0000000000000000      0xfea Core/Src/custom_bus.o
 .debug_info    0x0000000000000fea     0x28fe Core/Src/main.o
 .debug_info    0x00000000000038e8      0xd32 Core/Src/stm32l4xx_hal_msp.o
 .debug_info    0x000000000000461a      0x396 Core/Src/stm32l4xx_it.o
 .debug_info    0x00000000000049b0      0xebd Core/Src/syscalls.o
 .debug_info    0x000000000000586d      0x985 Core/Src/sysmem.o
 .debug_info    0x00000000000061f2      0x797 Core/Src/system_stm32l4xx.o
 .debug_info    0x0000000000006989       0x22 Core/Startup/startup_stm32l4s5vitx.o
 .debug_info    0x00000000000069ab     0x5258 Drivers/BSP/Components/lsm6dsl/lsm6dsl.o
 .debug_info    0x000000000000bc03     0x8b5b Drivers/BSP/Components/lsm6dsl/lsm6dsl_reg.o
 .debug_info    0x000000000001475e      0xcbb Drivers/STM32L4xx_HAL_Driver/Src/stm32l4xx_hal.o
 .debug_info    0x0000000000015419      0xfc7 Drivers/STM32L4xx_HAL_Driver/Src/stm32l4xx_hal_cortex.o
 .debug_info    0x00000000000163e0      0xa1c Drivers/STM32L4xx_HAL_Driver/Src/stm32l4xx_hal_gpio.o
 .debug_info    0x0000000000016dfc     0x2239 Drivers/STM32L4xx_HAL_Driver/Src/stm32l4xx_hal_i2c.o
 .debug_info    0x0000000000019035      0xcdf Drivers/STM32L4xx_HAL_Driver/Src/stm32l4xx_hal_i2c_ex.o
 .debug_info    0x0000000000019d14      0xbfd Drivers/STM32L4xx_HAL_Driver/Src/stm32l4xx_hal_pwr_ex.o
 .debug_info    0x000000000001a911      0xe70 Drivers/STM32L4xx_HAL_Driver/Src/stm32l4xx_hal_rcc.o
 .debug_info    0x000000000001b781     0x1293 Drivers/STM32L4xx_HAL_Driver/Src/stm32l4xx_hal_rcc_ex.o
 .debug_info    0x000000000001ca14     0x1b35 Drivers/STM32L4xx_HAL_Driver/Src/stm32l4xx_hal_uart.o
 .debug_info    0x000000000001e549      0xd2a Drivers/STM32L4xx_HAL_Driver/Src/stm32l4xx_hal_uart_ex.o

.debug_abbrev   0x0000000000000000     0x27d3
 .debug_abbrev  0x0000000000000000      0x216 Core/Src/custom_bus.o
 .debug_abbrev  0x0000000000000216      0x2f3 Core/Src/main.o
 .debug_abbrev  0x0000000000000509      0x18c Core/Src/stm32l4xx_hal_msp.o
 .debug_abbrev  0x0000000000000695       0xe2 Core/Src/stm32l4xx_it.o
 .debug_abbrev  0x0000000000000777      0x261 Core/Src/syscalls.o
 .debug_abbrev  0x00000000000009d8      0x19b Core/Src/sysmem.o
 .debug_abbrev  0x0000000000000b73      0x150 Core/Src/system_stm32l4xx.o
 .debug_abbrev  0x0000000000000cc3       0x12 Core/Startup/startup_stm32l4s5vitx.o
 .debug_abbrev  0x0000000000000cd5      0x32c Drivers/BSP/Components/lsm6dsl/lsm6dsl.o
 .debug_abbrev  0x0000000000001001      0x2c8 Drivers/BSP/Components/lsm6dsl/lsm6dsl_reg.o
 .debug_abbrev  0x00000000000012c9      0x1fb Drivers/STM32L4xx_HAL_Driver/Src/stm32l4xx_hal.o
 .debug_abbrev  0x00000000000014c4      0x2fa Drivers/STM32L4xx_HAL_Driver/Src/stm32l4xx_hal_cortex.o
 .debug_abbrev  0x00000000000017be      0x1c0 Drivers/STM32L4xx_HAL_Driver/Src/stm32l4xx_hal_gpio.o
 .debug_abbrev  0x000000000000197e      0x22a Drivers/STM32L4xx_HAL_Driver/Src/stm32l4xx_hal_i2c.o
 .debug_abbrev  0x0000000000001ba8      0x1b9 Drivers/STM32L4xx_HAL_Driver/Src/stm32l4xx_hal_i2c_ex.o
 .debug_abbrev  0x0000000000001d61      0x1cb Drivers/STM32L4xx_HAL_Driver/Src/stm32l4xx_hal_pwr_ex.o
 .debug_abbrev  0x0000000000001f2c      0x27b Drivers/STM32L4xx_HAL_Driver/Src/stm32l4xx_hal_rcc.o
 .debug_abbrev  0x00000000000021a7      0x238 Drivers/STM32L4xx_HAL_Driver/Src/stm32l4xx_hal_rcc_ex.o
 .debug_abbrev  0x00000000000023df      0x212 Drivers/STM32L4xx_HAL_Driver/Src/stm32l4xx_hal_uart.o
 .debug_abbrev  0x00000000000025f1      0x1e2 Drivers/STM32L4xx_HAL_Driver/Src/stm32l4xx_hal_uart_ex.o

.debug_aranges  0x0000000000000000     0x1888
 .debug_aranges
                0x0000000000000000       0x80 Core/Src/custom_bus.o
 .debug_aranges
                0x0000000000000080       0x60 Core/Src/main.o
 .debug_aranges
                0x00000000000000e0       0x30 Core/Src/stm32l4xx_hal_msp.o
 .debug_aranges
                0x0000000000000110       0x68 Core/Src/stm32l4xx_it.o
 .debug_aranges
                0x0000000000000178       0xa8 Core/Src/syscalls.o
 .debug_aranges
                0x0000000000000220       0x20 Core/Src/sysmem.o
 .debug_aranges
                0x0000000000000240       0x28 Core/Src/system_stm32l4xx.o
 .debug_aranges
                0x0000000000000268       0x28 Core/Startup/startup_stm32l4s5vitx.o
 .debug_aranges
                0x0000000000000290      0x2f0 Drivers/BSP/Components/lsm6dsl/lsm6dsl.o
 .debug_aranges
                0x0000000000000580      0x7c8 Drivers/BSP/Components/lsm6dsl/lsm6dsl_reg.o
 .debug_aranges
                0x0000000000000d48      0x130 Drivers/STM32L4xx_HAL_Driver/Src/stm32l4xx_hal.o
 .debug_aranges
                0x0000000000000e78      0x118 Drivers/STM32L4xx_HAL_Driver/Src/stm32l4xx_hal_cortex.o
 .debug_aranges
                0x0000000000000f90       0x58 Drivers/STM32L4xx_HAL_Driver/Src/stm32l4xx_hal_gpio.o
 .debug_aranges
                0x0000000000000fe8      0x290 Drivers/STM32L4xx_HAL_Driver/Src/stm32l4xx_hal_i2c.o
 .debug_aranges
                0x0000000000001278       0x48 Drivers/STM32L4xx_HAL_Driver/Src/stm32l4xx_hal_i2c_ex.o
 .debug_aranges
                0x00000000000012c0      0x170 Drivers/STM32L4xx_HAL_Driver/Src/stm32l4xx_hal_pwr_ex.o
 .debug_aranges
                0x0000000000001430       0x90 Drivers/STM32L4xx_HAL_Driver/Src/stm32l4xx_hal_rcc.o
 .debug_aranges
                0x00000000000014c0      0x110 Drivers/STM32L4xx_HAL_Driver/Src/stm32l4xx_hal_rcc_ex.o
 .debug_aranges
                0x00000000000015d0      0x230 Drivers/STM32L4xx_HAL_Driver/Src/stm32l4xx_hal_uart.o
 .debug_aranges
                0x0000000000001800       0x88 Drivers/STM32L4xx_HAL_Driver/Src/stm32l4xx_hal_uart_ex.o

.debug_ranges   0x0000000000000000     0x1750
 .debug_ranges  0x0000000000000000       0x70 Core/Src/custom_bus.o
 .debug_ranges  0x0000000000000070       0x50 Core/Src/main.o
 .debug_ranges  0x00000000000000c0       0x20 Core/Src/stm32l4xx_hal_msp.o
 .debug_ranges  0x00000000000000e0       0x58 Core/Src/stm32l4xx_it.o
 .debug_ranges  0x0000000000000138       0x98 Core/Src/syscalls.o
 .debug_ranges  0x00000000000001d0       0x10 Core/Src/sysmem.o
 .debug_ranges  0x00000000000001e0       0x18 Core/Src/system_stm32l4xx.o
 .debug_ranges  0x00000000000001f8       0x20 Core/Startup/startup_stm32l4s5vitx.o
 .debug_ranges  0x0000000000000218      0x2e0 Drivers/BSP/Components/lsm6dsl/lsm6dsl.o
 .debug_ranges  0x00000000000004f8      0x7b8 Drivers/BSP/Components/lsm6dsl/lsm6dsl_reg.o
 .debug_ranges  0x0000000000000cb0      0x120 Drivers/STM32L4xx_HAL_Driver/Src/stm32l4xx_hal.o
 .debug_ranges  0x0000000000000dd0      0x108 Drivers/STM32L4xx_HAL_Driver/Src/stm32l4xx_hal_cortex.o
 .debug_ranges  0x0000000000000ed8       0x48 Drivers/STM32L4xx_HAL_Driver/Src/stm32l4xx_hal_gpio.o
 .debug_ranges  0x0000000000000f20      0x280 Drivers/STM32L4xx_HAL_Driver/Src/stm32l4xx_hal_i2c.o
 .debug_ranges  0x00000000000011a0       0x38 Drivers/STM32L4xx_HAL_Driver/Src/stm32l4xx_hal_i2c_ex.o
 .debug_ranges  0x00000000000011d8      0x160 Drivers/STM32L4xx_HAL_Driver/Src/stm32l4xx_hal_pwr_ex.o
 .debug_ranges  0x0000000000001338       0x80 Drivers/STM32L4xx_HAL_Driver/Src/stm32l4xx_hal_rcc.o
 .debug_ranges  0x00000000000013b8      0x100 Drivers/STM32L4xx_HAL_Driver/Src/stm32l4xx_hal_rcc_ex.o
 .debug_ranges  0x00000000000014b8      0x220 Drivers/STM32L4xx_HAL_Driver/Src/stm32l4xx_hal_uart.o
 .debug_ranges  0x00000000000016d8       0x78 Drivers/STM32L4xx_HAL_Driver/Src/stm32l4xx_hal_uart_ex.o

.debug_macro    0x0000000000000000    0x2bd6e
 .debug_macro   0x0000000000000000      0x24e Core/Src/custom_bus.o
 .debug_macro   0x000000000000024e      0xa5a Core/Src/custom_bus.o
 .debug_macro   0x0000000000000ca8      0x1a7 Core/Src/custom_bus.o
 .debug_macro   0x0000000000000e4f       0x2e Core/Src/custom_bus.o
 .debug_macro   0x0000000000000e7d       0x28 Core/Src/custom_bus.o
 .debug_macro   0x0000000000000ea5       0x22 Core/Src/custom_bus.o
 .debug_macro   0x0000000000000ec7       0x8e Core/Src/custom_bus.o
 .debug_macro   0x0000000000000f55       0x51 Core/Src/custom_bus.o
 .debug_macro   0x0000000000000fa6       0xef Core/Src/custom_bus.o
 .debug_macro   0x0000000000001095       0x6a Core/Src/custom_bus.o
 .debug_macro   0x00000000000010ff      0x1df Core/Src/custom_bus.o
 .debug_macro   0x00000000000012de       0x1c Core/Src/custom_bus.o
 .debug_macro   0x00000000000012fa       0x22 Core/Src/custom_bus.o
 .debug_macro   0x000000000000131c      0x101 Core/Src/custom_bus.o
 .debug_macro   0x000000000000141d     0x1011 Core/Src/custom_bus.o
 .debug_macro   0x000000000000242e      0x11f Core/Src/custom_bus.o
 .debug_macro   0x000000000000254d    0x1d28c Core/Src/custom_bus.o
 .debug_macro   0x000000000001f7d9       0x43 Core/Src/custom_bus.o
 .debug_macro   0x000000000001f81c     0x3897 Core/Src/custom_bus.o
 .debug_macro   0x00000000000230b3      0x174 Core/Src/custom_bus.o
 .debug_macro   0x0000000000023227       0x5c Core/Src/custom_bus.o
 .debug_macro   0x0000000000023283     0x18d1 Core/Src/custom_bus.o
 .debug_macro   0x0000000000024b54      0x7d5 Core/Src/custom_bus.o
 .debug_macro   0x0000000000025329      0x13d Core/Src/custom_bus.o
 .debug_macro   0x0000000000025466      0x225 Core/Src/custom_bus.o
 .debug_macro   0x000000000002568b      0x486 Core/Src/custom_bus.o
 .debug_macro   0x0000000000025b11      0x1cf Core/Src/custom_bus.o
 .debug_macro   0x0000000000025ce0       0x43 Core/Src/custom_bus.o
 .debug_macro   0x0000000000025d23      0x23d Core/Src/custom_bus.o
 .debug_macro   0x0000000000025f60      0x241 Core/Src/custom_bus.o
 .debug_macro   0x00000000000261a1      0x416 Core/Src/custom_bus.o
 .debug_macro   0x00000000000265b7       0x1c Core/Src/custom_bus.o
 .debug_macro   0x00000000000265d3       0xf2 Core/Src/custom_bus.o
 .debug_macro   0x00000000000266c5      0x22c Core/Src/custom_bus.o
 .debug_macro   0x00000000000268f1       0x61 Core/Src/custom_bus.o
 .debug_macro   0x0000000000026952       0xa5 Core/Src/custom_bus.o
 .debug_macro   0x00000000000269f7      0x122 Core/Src/custom_bus.o
 .debug_macro   0x0000000000026b19      0x3f7 Core/Src/custom_bus.o
 .debug_macro   0x0000000000026f10      0x662 Core/Src/custom_bus.o
 .debug_macro   0x0000000000027572       0xa6 Core/Src/custom_bus.o
 .debug_macro   0x0000000000027618      0x433 Core/Src/custom_bus.o
 .debug_macro   0x0000000000027a4b       0x28 Core/Src/custom_bus.o
 .debug_macro   0x0000000000027a73       0x82 Core/Src/custom_bus.o
 .debug_macro   0x0000000000027af5       0x52 Core/Src/custom_bus.o
 .debug_macro   0x0000000000027b47      0x3cb Core/Src/main.o
 .debug_macro   0x0000000000027f12       0x46 Core/Src/main.o
 .debug_macro   0x0000000000027f58       0x18 Core/Src/main.o
 .debug_macro   0x0000000000027f70       0x3c Core/Src/main.o
 .debug_macro   0x0000000000027fac       0x34 Core/Src/main.o
 .debug_macro   0x0000000000027fe0       0x52 Core/Src/main.o
 .debug_macro   0x0000000000028032       0x1f Core/Src/main.o
 .debug_macro   0x0000000000028051       0x43 Core/Src/main.o
 .debug_macro   0x0000000000028094       0x20 Core/Src/main.o
 .debug_macro   0x00000000000280b4      0x1a3 Core/Src/main.o
 .debug_macro   0x0000000000028257      0x32a Core/Src/main.o
 .debug_macro   0x0000000000028581      0x1e1 Core/Src/main.o
 .debug_macro   0x0000000000028762      0x3b5 Core/Src/main.o
 .debug_macro   0x0000000000028b17       0x16 Core/Src/main.o
 .debug_macro   0x0000000000028b2d       0x35 Core/Src/main.o
 .debug_macro   0x0000000000028b62       0x20 Core/Src/main.o
 .debug_macro   0x0000000000028b82       0x66 Core/Src/main.o
 .debug_macro   0x0000000000028be8       0x2e Core/Src/main.o
 .debug_macro   0x0000000000028c16       0xb6 Core/Src/main.o
 .debug_macro   0x0000000000028ccc       0x43 Core/Src/main.o
 .debug_macro   0x0000000000028d0f       0x1c Core/Src/main.o
 .debug_macro   0x0000000000028d2b       0x10 Core/Src/main.o
 .debug_macro   0x0000000000028d3b       0x10 Core/Src/main.o
 .debug_macro   0x0000000000028d4b       0x1c Core/Src/main.o
 .debug_macro   0x0000000000028d67       0x52 Core/Src/main.o
 .debug_macro   0x0000000000028db9       0x40 Core/Src/main.o
 .debug_macro   0x0000000000028df9       0x10 Core/Src/main.o
 .debug_macro   0x0000000000028e09       0x40 Core/Src/main.o
 .debug_macro   0x0000000000028e49       0xd7 Core/Src/main.o
 .debug_macro   0x0000000000028f20       0x1c Core/Src/main.o
 .debug_macro   0x0000000000028f3c       0x3d Core/Src/main.o
 .debug_macro   0x0000000000028f79       0x16 Core/Src/main.o
 .debug_macro   0x0000000000028f8f      0x145 Core/Src/main.o
 .debug_macro   0x00000000000290d4      0x1dd Core/Src/stm32l4xx_hal_msp.o
 .debug_macro   0x00000000000292b1      0x1e7 Core/Src/stm32l4xx_it.o
 .debug_macro   0x0000000000029498      0x243 Core/Src/syscalls.o
 .debug_macro   0x00000000000296db       0x40 Core/Src/syscalls.o
 .debug_macro   0x000000000002971b       0x94 Core/Src/syscalls.o
 .debug_macro   0x00000000000297af       0x57 Core/Src/syscalls.o
 .debug_macro   0x0000000000029806      0x330 Core/Src/syscalls.o
 .debug_macro   0x0000000000029b36       0x10 Core/Src/syscalls.o
 .debug_macro   0x0000000000029b46       0x10 Core/Src/syscalls.o
 .debug_macro   0x0000000000029b56       0x10 Core/Src/syscalls.o
 .debug_macro   0x0000000000029b66       0x35 Core/Src/syscalls.o
 .debug_macro   0x0000000000029b9b      0x122 Core/Src/syscalls.o
 .debug_macro   0x0000000000029cbd       0x16 Core/Src/syscalls.o
 .debug_macro   0x0000000000029cd3       0x16 Core/Src/syscalls.o
 .debug_macro   0x0000000000029ce9       0x29 Core/Src/syscalls.o
 .debug_macro   0x0000000000029d12       0x10 Core/Src/syscalls.o
 .debug_macro   0x0000000000029d22      0x241 Core/Src/syscalls.o
 .debug_macro   0x0000000000029f63       0x10 Core/Src/syscalls.o
 .debug_macro   0x0000000000029f73      0x189 Core/Src/syscalls.o
 .debug_macro   0x000000000002a0fc       0x16 Core/Src/syscalls.o
 .debug_macro   0x000000000002a112       0x88 Core/Src/syscalls.o
 .debug_macro   0x000000000002a19a       0xee Core/Src/sysmem.o
 .debug_macro   0x000000000002a288      0x23b Core/Src/sysmem.o
 .debug_macro   0x000000000002a4c3      0x1d9 Core/Src/system_stm32l4xx.o
 .debug_macro   0x000000000002a69c      0x154 Drivers/BSP/Components/lsm6dsl/lsm6dsl.o
 .debug_macro   0x000000000002a7f0      0x115 Drivers/BSP/Components/lsm6dsl/lsm6dsl_reg.o
 .debug_macro   0x000000000002a905      0x221 Drivers/STM32L4xx_HAL_Driver/Src/stm32l4xx_hal.o
 .debug_macro   0x000000000002ab26      0x1d3 Drivers/STM32L4xx_HAL_Driver/Src/stm32l4xx_hal_cortex.o
 .debug_macro   0x000000000002acf9      0x212 Drivers/STM32L4xx_HAL_Driver/Src/stm32l4xx_hal_gpio.o
 .debug_macro   0x000000000002af0b      0x298 Drivers/STM32L4xx_HAL_Driver/Src/stm32l4xx_hal_i2c.o
 .debug_macro   0x000000000002b1a3      0x1d3 Drivers/STM32L4xx_HAL_Driver/Src/stm32l4xx_hal_i2c_ex.o
 .debug_macro   0x000000000002b376      0x1fd Drivers/STM32L4xx_HAL_Driver/Src/stm32l4xx_hal_pwr_ex.o
 .debug_macro   0x000000000002b573      0x215 Drivers/STM32L4xx_HAL_Driver/Src/stm32l4xx_hal_rcc.o
 .debug_macro   0x000000000002b788      0x209 Drivers/STM32L4xx_HAL_Driver/Src/stm32l4xx_hal_rcc_ex.o
 .debug_macro   0x000000000002b991      0x1fe Drivers/STM32L4xx_HAL_Driver/Src/stm32l4xx_hal_uart.o
 .debug_macro   0x000000000002bb8f      0x1df Drivers/STM32L4xx_HAL_Driver/Src/stm32l4xx_hal_uart_ex.o

.debug_line     0x0000000000000000     0xe34b
 .debug_line    0x0000000000000000      0x828 Core/Src/custom_bus.o
 .debug_line    0x0000000000000828      0xa90 Core/Src/main.o
 .debug_line    0x00000000000012b8      0x70b Core/Src/stm32l4xx_hal_msp.o
 .debug_line    0x00000000000019c3      0x796 Core/Src/stm32l4xx_it.o
 .debug_line    0x0000000000002159      0x73e Core/Src/syscalls.o
 .debug_line    0x0000000000002897      0x4c7 Core/Src/sysmem.o
 .debug_line    0x0000000000002d5e      0x707 Core/Src/system_stm32l4xx.o
 .debug_line    0x0000000000003465       0x87 Core/Startup/startup_stm32l4s5vitx.o
 .debug_line    0x00000000000034ec     0x11e8 Drivers/BSP/Components/lsm6dsl/lsm6dsl.o
 .debug_line    0x00000000000046d4     0x1cd6 Drivers/BSP/Components/lsm6dsl/lsm6dsl_reg.o
 .debug_line    0x00000000000063aa      0x97d Drivers/STM32L4xx_HAL_Driver/Src/stm32l4xx_hal.o
 .debug_line    0x0000000000006d27      0xa05 Drivers/STM32L4xx_HAL_Driver/Src/stm32l4xx_hal_cortex.o
 .debug_line    0x000000000000772c      0x8a8 Drivers/STM32L4xx_HAL_Driver/Src/stm32l4xx_hal_gpio.o
 .debug_line    0x0000000000007fd4     0x1abf Drivers/STM32L4xx_HAL_Driver/Src/stm32l4xx_hal_i2c.o
 .debug_line    0x0000000000009a93      0x820 Drivers/STM32L4xx_HAL_Driver/Src/stm32l4xx_hal_i2c_ex.o
 .debug_line    0x000000000000a2b3      0xaf7 Drivers/STM32L4xx_HAL_Driver/Src/stm32l4xx_hal_pwr_ex.o
 .debug_line    0x000000000000adaa      0xa35 Drivers/STM32L4xx_HAL_Driver/Src/stm32l4xx_hal_rcc.o
 .debug_line    0x000000000000b7df      0xe80 Drivers/STM32L4xx_HAL_Driver/Src/stm32l4xx_hal_rcc_ex.o
 .debug_line    0x000000000000c65f     0x13a1 Drivers/STM32L4xx_HAL_Driver/Src/stm32l4xx_hal_uart.o
 .debug_line    0x000000000000da00      0x94b Drivers/STM32L4xx_HAL_Driver/Src/stm32l4xx_hal_uart_ex.o

.debug_str      0x0000000000000000   0x10ad39
 .debug_str     0x0000000000000000    0xfa4d0 Core/Src/custom_bus.o
                                      0xfa848 (size before relaxing)
 .debug_str     0x00000000000fa4d0     0x6cb0 Core/Src/main.o
                                     0x101598 (size before relaxing)
 .debug_str     0x0000000000101180       0x56 Core/Src/stm32l4xx_hal_msp.o
                                      0xfa059 (size before relaxing)
 .debug_str     0x00000000001011d6       0xd2 Core/Src/stm32l4xx_it.o
                                      0xf9a3d (size before relaxing)
 .debug_str     0x00000000001012a8     0x11ec Core/Src/syscalls.o
                                       0x889b (size before relaxing)
 .debug_str     0x0000000000102494       0x6b Core/Src/sysmem.o
                                       0x5f69 (size before relaxing)
 .debug_str     0x00000000001024ff       0xcd Core/Src/system_stm32l4xx.o
                                      0xf9b9c (size before relaxing)
 .debug_str     0x00000000001025cc       0x36 Core/Startup/startup_stm32l4s5vitx.o